<html>
<body>
<pre>
<h1>µVision Build Log</h1>
<h2>Tool Versions:</h2>
IDE-Version: ¦ÌVision V5.21.1.0
Copyright (C) 2016 ARM Ltd and ARM Germany GmbH. All rights reserved.
License Information: M Pluto, HP Inc., LIC=----
 
Tool Versions:
Toolchain:       MDK-Lite  Version: 5.21a
Toolchain Path:  D:\app\keil\ARM\ARMCC\Bin
C Compiler:      Armcc.exe V5.06 update 3 (build 300)
Assembler:       Armasm.exe V5.06 update 3 (build 300)
Linker/Locator:  ArmLink.exe V5.06 update 3 (build 300)
Library Manager: ArmAr.exe V5.06 update 3 (build 300)
Hex Converter:   FromElf.exe V5.06 update 3 (build 300)
CPU DLL:         SARMCM3.DLL V5.21a
Dialog DLL:      DCM.DLL V1.13.8.0
Target DLL:      Segger\JL2CM3.dll V2.99.23.0
Dialog DLL:      TCM.DLL V1.14.14.0
 
<h2>Project:</h2>
D:\codehero\TARS_HERO\MDK-ARM\CODE1.1.uvprojx
Project File Date:  03/08/2020

<h2>Output:</h2>
*** Using Compiler 'V5.06 update 3 (build 300)', folder: 'D:\app\keil\ARM\ARMCC\Bin'
Rebuild target 'CODE1.1'
assembling startup_stm32f427xx.s...
compiling can.c...
compiling main.c...
compiling tim.c...
compiling dma.c...
compiling usart.c...
compiling stm32f4xx_it.c...
compiling gpio.c...
compiling stm32f4xx_hal_tim_ex.c...
compiling stm32f4xx_hal_uart.c...
compiling stm32f4xx_hal_msp.c...
compiling stm32f4xx_hal_can.c...
compiling stm32f4xx_hal_rcc_ex.c...
compiling stm32f4xx_hal_tim.c...
compiling stm32f4xx_hal_rcc.c...
compiling stm32f4xx_hal_gpio.c...
compiling stm32f4xx_hal_flash_ramfunc.c...
compiling stm32f4xx_hal_flash.c...
compiling stm32f4xx_hal_dma_ex.c...
compiling stm32f4xx_hal_flash_ex.c...
compiling stm32f4xx_hal_dma.c...
compiling stm32f4xx_hal_pwr.c...
compiling stm32f4xx_hal.c...
compiling system_stm32f4xx.c...
compiling stm32f4xx_hal_cortex.c...
compiling stm32f4xx_hal_exti.c...
compiling bsp_uart.c...
compiling blurry_pid.c...
user\blurry_pid.c(38): warning:  #1035-D: single-precision operand implicitly converted to double-precision
   qValue[0]=6.0*thisError/(vPID->maximum-vPID->minimum);
user\blurry_pid.c(40): warning:  #1035-D: single-precision operand implicitly converted to double-precision
   qValue[1]=3.0*deltaError/(vPID->maximum-vPID->minimum);
user\blurry_pid.c(65): warning:  #1035-D: single-precision operand implicitly converted to double-precision
      ms[1]=0.5*qv+3.0;   //y=0.5x+3.0
user\blurry_pid.c(79): warning:  #1035-D: single-precision operand implicitly converted to double-precision
      ms[1]=0.5*qv+2.0;   //y=0.5x+2.0
user\blurry_pid.c(93): warning:  #1035-D: single-precision operand implicitly converted to double-precision
      ms[1]=0.5*qv+1.0;   //y=0.5x+1.0
user\blurry_pid.c(109): warning:  #1035-D: single-precision operand implicitly converted to double-precision
        ms[1]=0.5*qv+1.0;   //y=0.5x+1.0
user\blurry_pid.c(115): warning:  #1035-D: single-precision operand implicitly converted to double-precision
      ms[1]=0.5*qv;       //y=0.5x
user\blurry_pid.c(131): warning:  #1035-D: single-precision operand implicitly converted to double-precision
      ms[1]=0.5*qv;       //y=0.5x
user\blurry_pid.c(145): warning:  #1035-D: single-precision operand implicitly converted to double-precision
      ms[1]=0.5*qv-1.0;   //y=0.5x-1.0
user\blurry_pid.c(159): warning:  #1035-D: single-precision operand implicitly converted to double-precision
      ms[1]=0.5*qv-2.0;   //y=0.5x-2.0
user\blurry_pid.c(194): warning:  #177-D: variable "e_change" was declared but never referenced
    float e_change=0;//Ã»É¶??
user\blurry_pid.c(308): warning:  #1-D: last line of file ends without a newline
  }
user\blurry_pid.c: 12 warnings, 0 errors
compiling bsp_can.c...
compiling stm32f4xx_hal_pwr_ex.c...
compiling system.c...
compiling vision.c...
compiling task_gimbal.c...
compiling LED.c...
compiling chassic.c...
compiling user_tim.c...
compiling JY901.C...
compiling shoot.c...
user\shoot.c(279): warning:  #175-D: subscript out of range
  fric_out1=pid_calc(&M3508E_PID, M3508[4].rotor_speed,fric_spd1);
user\shoot.c(280): warning:  #175-D: subscript out of range
  fric_out2=pid_calc(&M3508F_PID, M3508[5].rotor_speed,fric_spd2);
user\shoot.c(366): warning:  #1-D: last line of file ends without a newline
  }
user\shoot.c: 3 warnings, 0 errors
compiling Calculate.c...
compiling magazine.c...
compiling revolver.c...
linking...
Program Size: Code=30968 RO-data=492 RW-data=1140 ZI-data=3516  
FromELF: creating hex file...
"CODE1.1\Infantry.axf" - 0 Error(s), 15 Warning(s).

<h2>Software Packages used:</h2>

Package Vendor: ARM
                http://www.keil.com/pack/ARM.CMSIS.4.5.0.pack
                ARM::CMSIS:CORE:4.3.0
                CMSIS (Cortex Microcontroller Software Interface Standard)
   * Component: CORE Version: 4.3.0

<h2>Collection of Component include folders:</h2>
  D:\codehero\TARS_HERO\MDK-ARM\RTE
  D:\app\keil\ARM\PACK\ARM\CMSIS\4.5.0\CMSIS\Include
  D:\app\keil\ARM\PACK\Keil\STM32F4xx_DFP\2.9.0\Drivers\CMSIS\Device\ST\STM32F4xx\Include

<h2>Collection of Component Files used:</h2>

   * Component: ARM::CMSIS:CORE:4.3.0
Build Time Elapsed:  00:00:58
</pre>
</body>
</html>
