Component: ARM Compiler 5.06 update 3 (build 300) Tool: armlink [4d35c9]

==============================================================================

Section Cross References

    startup_stm32f427xx.o(RESET) refers to startup_stm32f427xx.o(STACK) for __initial_sp
    startup_stm32f427xx.o(RESET) refers to startup_stm32f427xx.o(.text) for Reset_Handler
    startup_stm32f427xx.o(RESET) refers to stm32f4xx_it.o(i.NMI_Handler) for NMI_Handler
    startup_stm32f427xx.o(RESET) refers to stm32f4xx_it.o(i.HardFault_Handler) for HardFault_Handler
    startup_stm32f427xx.o(RESET) refers to stm32f4xx_it.o(i.MemManage_Handler) for MemManage_Handler
    startup_stm32f427xx.o(RESET) refers to stm32f4xx_it.o(i.BusFault_Handler) for BusFault_Handler
    startup_stm32f427xx.o(RESET) refers to stm32f4xx_it.o(i.UsageFault_Handler) for UsageFault_Handler
    startup_stm32f427xx.o(RESET) refers to stm32f4xx_it.o(i.SVC_Handler) for SVC_Handler
    startup_stm32f427xx.o(RESET) refers to stm32f4xx_it.o(i.DebugMon_Handler) for DebugMon_Handler
    startup_stm32f427xx.o(RESET) refers to stm32f4xx_it.o(i.PendSV_Handler) for PendSV_Handler
    startup_stm32f427xx.o(RESET) refers to stm32f4xx_it.o(i.SysTick_Handler) for SysTick_Handler
    startup_stm32f427xx.o(RESET) refers to stm32f4xx_it.o(i.DMA1_Stream5_IRQHandler) for DMA1_Stream5_IRQHandler
    startup_stm32f427xx.o(RESET) refers to stm32f4xx_it.o(i.DMA1_Stream6_IRQHandler) for DMA1_Stream6_IRQHandler
    startup_stm32f427xx.o(RESET) refers to stm32f4xx_it.o(i.CAN1_TX_IRQHandler) for CAN1_TX_IRQHandler
    startup_stm32f427xx.o(RESET) refers to stm32f4xx_it.o(i.CAN1_RX0_IRQHandler) for CAN1_RX0_IRQHandler
    startup_stm32f427xx.o(RESET) refers to user_tim.o(i.TIM3_IRQHandler) for TIM3_IRQHandler
    startup_stm32f427xx.o(RESET) refers to user_tim.o(i.TIM4_IRQHandler) for TIM4_IRQHandler
    startup_stm32f427xx.o(RESET) refers to stm32f4xx_it.o(i.USART1_IRQHandler) for USART1_IRQHandler
    startup_stm32f427xx.o(RESET) refers to stm32f4xx_it.o(i.USART2_IRQHandler) for USART2_IRQHandler
    startup_stm32f427xx.o(RESET) refers to stm32f4xx_it.o(i.DMA2_Stream2_IRQHandler) for DMA2_Stream2_IRQHandler
    startup_stm32f427xx.o(RESET) refers to stm32f4xx_it.o(i.CAN2_TX_IRQHandler) for CAN2_TX_IRQHandler
    startup_stm32f427xx.o(RESET) refers to stm32f4xx_it.o(i.CAN2_RX0_IRQHandler) for CAN2_RX0_IRQHandler
    startup_stm32f427xx.o(RESET) refers to stm32f4xx_it.o(i.USART6_IRQHandler) for USART6_IRQHandler
    startup_stm32f427xx.o(.text) refers to system_stm32f4xx.o(i.SystemInit) for SystemInit
    startup_stm32f427xx.o(.text) refers to entry.o(.ARM.Collect$$$$00000000) for __main
    main.o(i.main) refers to system.o(i.init_system) for init_system
    main.o(i.main) refers to system.o(i.System_Run) for System_Run
    main.o(i.main) refers to system.o(i.Task_error) for Task_error
    gpio.o(i.MX_GPIO_Init) refers to memseta.o(.text) for __aeabi_memclr4
    gpio.o(i.MX_GPIO_Init) refers to stm32f4xx_hal_gpio.o(i.HAL_GPIO_WritePin) for HAL_GPIO_WritePin
    gpio.o(i.MX_GPIO_Init) refers to stm32f4xx_hal_gpio.o(i.HAL_GPIO_Init) for HAL_GPIO_Init
    can.o(i.HAL_CAN_MspDeInit) refers to stm32f4xx_hal_gpio.o(i.HAL_GPIO_DeInit) for HAL_GPIO_DeInit
    can.o(i.HAL_CAN_MspDeInit) refers to stm32f4xx_hal_cortex.o(i.HAL_NVIC_DisableIRQ) for HAL_NVIC_DisableIRQ
    can.o(i.HAL_CAN_MspDeInit) refers to can.o(.data) for HAL_RCC_CAN1_CLK_ENABLED
    can.o(i.HAL_CAN_MspInit) refers to stm32f4xx_hal_gpio.o(i.HAL_GPIO_Init) for HAL_GPIO_Init
    can.o(i.HAL_CAN_MspInit) refers to stm32f4xx_hal_cortex.o(i.HAL_NVIC_SetPriority) for HAL_NVIC_SetPriority
    can.o(i.HAL_CAN_MspInit) refers to stm32f4xx_hal_cortex.o(i.HAL_NVIC_EnableIRQ) for HAL_NVIC_EnableIRQ
    can.o(i.HAL_CAN_MspInit) refers to can.o(.data) for HAL_RCC_CAN1_CLK_ENABLED
    can.o(i.MX_CAN1_Init) refers to stm32f4xx_hal_can.o(i.HAL_CAN_Init) for HAL_CAN_Init
    can.o(i.MX_CAN1_Init) refers to main.o(i.Error_Handler) for Error_Handler
    can.o(i.MX_CAN1_Init) refers to can.o(.bss) for hcan1
    can.o(i.MX_CAN2_Init) refers to stm32f4xx_hal_can.o(i.HAL_CAN_Init) for HAL_CAN_Init
    can.o(i.MX_CAN2_Init) refers to main.o(i.Error_Handler) for Error_Handler
    can.o(i.MX_CAN2_Init) refers to can.o(.bss) for hcan2
    dma.o(i.MX_DMA_Init) refers to stm32f4xx_hal_cortex.o(i.HAL_NVIC_SetPriority) for HAL_NVIC_SetPriority
    dma.o(i.MX_DMA_Init) refers to stm32f4xx_hal_cortex.o(i.HAL_NVIC_EnableIRQ) for HAL_NVIC_EnableIRQ
    tim.o(i.HAL_TIM_Base_MspDeInit) refers to stm32f4xx_hal_cortex.o(i.HAL_NVIC_DisableIRQ) for HAL_NVIC_DisableIRQ
    tim.o(i.HAL_TIM_Base_MspInit) refers to stm32f4xx_hal_cortex.o(i.HAL_NVIC_SetPriority) for HAL_NVIC_SetPriority
    tim.o(i.HAL_TIM_Base_MspInit) refers to stm32f4xx_hal_cortex.o(i.HAL_NVIC_EnableIRQ) for HAL_NVIC_EnableIRQ
    tim.o(i.HAL_TIM_MspPostInit) refers to memseta.o(.text) for __aeabi_memclr4
    tim.o(i.HAL_TIM_MspPostInit) refers to stm32f4xx_hal_gpio.o(i.HAL_GPIO_Init) for HAL_GPIO_Init
[...]
    i.UsageFault_Handler                     0x08007220   Section        0  stm32f4xx_it.o(i.UsageFault_Handler)
    i.__NVIC_GetPriorityGrouping             0x08007224   Section        0  stm32f4xx_hal_cortex.o(i.__NVIC_GetPriorityGrouping)
    __NVIC_GetPriorityGrouping               0x08007225   Thumb Code    10  stm32f4xx_hal_cortex.o(i.__NVIC_GetPriorityGrouping)
    i.__NVIC_SetPriority                     0x08007234   Section        0  stm32f4xx_hal_cortex.o(i.__NVIC_SetPriority)
    __NVIC_SetPriority                       0x08007235   Thumb Code    32  stm32f4xx_hal_cortex.o(i.__NVIC_SetPriority)
    i.__hardfp_fabs                          0x0800725c   Section        0  fabs.o(i.__hardfp_fabs)
    i.__scatterload_copy                     0x08007270   Section       14  handlers.o(i.__scatterload_copy)
    i.__scatterload_null                     0x0800727e   Section        2  handlers.o(i.__scatterload_null)
    i.__scatterload_zeroinit                 0x08007280   Section       14  handlers.o(i.__scatterload_zeroinit)
    i.abs_limit                              0x0800728e   Section        0  shoot.o(i.abs_limit)
    i.constrain_float                        0x080072bc   Section        0  calculate.o(i.constrain_float)
    i.dbus_uart_init                         0x080072e8   Section        0  bsp_uart.o(i.dbus_uart_init)
    i.dma_current_data_counter               0x08007328   Section        0  bsp_uart.o(i.dma_current_data_counter)
    i.drv_can_init                           0x08007330   Section        0  bsp_can.o(i.drv_can_init)
    i.fric_set_output                        0x0800739c   Section        0  shoot.o(i.fric_set_output)
    i.init_system                            0x0800742c   Section        0  system.o(i.init_system)
    i.kalman_filter_calc                     0x080074c8   Section        0  calculate.o(i.kalman_filter_calc)
    i.main                                   0x08007640   Section        0  main.o(i.main)
    i.pid_calc                               0x08007650   Section        0  shoot.o(i.pid_calc)
    i.rc_callback_handler                    0x080076ee   Section        0  bsp_uart.o(i.rc_callback_handler)
    i.sent_gimbal_to_down                    0x08007810   Section        0  task_gimbal.o(i.sent_gimbal_to_down)
    i.shoot_fric_ctrl                        0x08007844   Section        0  shoot.o(i.shoot_fric_ctrl)
    i.shoot_init                             0x08007904   Section        0  shoot.o(i.shoot_init)
    i.task_PID_out                           0x08007978   Section        0  task_gimbal.o(i.task_PID_out)
    i.uart_receive_dma_no_it                 0x080079c8   Section        0  bsp_uart.o(i.uart_receive_dma_no_it)
    uart_receive_dma_no_it                   0x080079c9   Thumb Code    72  bsp_uart.o(i.uart_receive_dma_no_it)
    i.uart_receive_handler                   0x08007a10   Section        0  bsp_uart.o(i.uart_receive_handler)
    i.uart_rx_idle_callback                  0x08007a34   Section        0  bsp_uart.o(i.uart_rx_idle_callback)
    uart_rx_idle_callback                    0x08007a35   Thumb Code    98  bsp_uart.o(i.uart_rx_idle_callback)
    .constdata                               0x08007aa4   Section        8  stm32f4xx_hal_dma.o(.constdata)
    flagBitshiftOffset                       0x08007aa4   Data           8  stm32f4xx_hal_dma.o(.constdata)
    .constdata                               0x08007aac   Section       24  system_stm32f4xx.o(.constdata)
    .data                                    0x20000000   Section        4  can.o(.data)
    HAL_RCC_CAN1_CLK_ENABLED                 0x20000000   Data           4  can.o(.data)
    .data                                    0x20000004   Section        9  stm32f4xx_hal.o(.data)
    .data                                    0x20000010   Section        4  system_stm32f4xx.o(.data)
    .data                                    0x20000014   Section       16  bsp_can.o(.data)
    .data                                    0x20000024   Section      736  task_gimbal.o(.data)
    bTick_Record                             0x200002a0   Data           1  task_gimbal.o(.data)
    bAngle_Record                            0x200002a1   Data           1  task_gimbal.o(.data)
    Key_Ctrl_CurrentTime                     0x200002a4   Data           4  task_gimbal.o(.data)
    PressV_Time                              0x200002a8   Data           4  task_gimbal.o(.data)
    PressQ_Time                              0x200002ac   Data           4  task_gimbal.o(.data)
    PressE_Time                              0x200002b0   Data           4  task_gimbal.o(.data)
    Mouse_Yaw_Stop                           0x200002b4   Data           4  task_gimbal.o(.data)
    Mouse_Pitch_Stop                         0x200002b8   Data           4  task_gimbal.o(.data)
    Mouse_Yaw_Stop                           0x200002bc   Data           4  task_gimbal.o(.data)
    Mouse_Pitch_Stop                         0x200002c0   Data           4  task_gimbal.o(.data)
    yaw_angle_raw                            0x200002c4   Data           4  task_gimbal.o(.data)
    pitch_angle_raw                          0x200002c8   Data           4  task_gimbal.o(.data)
    yaw_angle_ref                            0x200002cc   Data           4  task_gimbal.o(.data)
    pitch_angle_ref                          0x200002d0   Data           4  task_gimbal.o(.data)
    yaw_last_mode                            0x200002d4   Data           1  task_gimbal.o(.data)
    pitch_speed_error                        0x200002d8   Data           8  task_gimbal.o(.data)
    pTermPitch                               0x200002e0   Data           4  task_gimbal.o(.data)
    pTermYaw                                 0x200002e4   Data           8  task_gimbal.o(.data)
    iTermPitch                               0x200002ec   Data           4  task_gimbal.o(.data)
    iTermYaw                                 0x200002f0   Data           8  task_gimbal.o(.data)
    dTermPitch                               0x200002f8   Data           4  task_gimbal.o(.data)
    dTermYaw                                 0x200002fc   Data           8  task_gimbal.o(.data)
    .data                                    0x20000304   Section       69  shoot.o(.data)
    Friction_Switch                          0x20000348   Data           1  shoot.o(.data)
    .data                                    0x2000034c   Section       89  jy901.o(.data)
    ucRxCnt                                  0x200003a4   Data           1  jy901.o(.data)
    .data                                    0x200003a8   Section       30  system.o(.data)
    .data                                    0x200003c6   Section        3  vision.o(.data)
    .data                                    0x200003cc   Section        8  calculate.o(.data)
    .data                                    0x200003d4   Section       18  magazine.o(.data)
    opened_tick                              0x200003de   Data           1  magazine.o(.data)
    Maga_tick                                0x200003df   Data           1  magazine.o(.data)
    Maga_Key_state                           0x200003e0   Data           2  magazine.o(.data)
    Maga_time                                0x200003e2   Data           4  magazine.o(.data)
    .data                                    0x200003e8   Section      145  revolver.o(.data)
    shoot_left_time                          0x2000045c   Data           4  revolver.o(.data)
    RespondTime                              0x20000460   Data           4  revolver.o(.data)
    RespondTime                              0x20000464   Data           4  revolver.o(.data)
    RespondTime                              0x20000468   Data           4  revolver.o(.data)
    RespondTime_Stop                         0x2000046c   Data           4  revolver.o(.data)
    RespondTime_MobiPre                      0x20000470   Data           4  revolver.o(.data)
    stuck_time                               0x20000474   Data           2  revolver.o(.data)
    turnback_time                            0x20000476   Data           2  revolver.o(.data)
    Revol_Posit_ifStuck                      0x20000478   Data           1  revolver.o(.data)
    .bss                                     0x2000047c   Section       80  can.o(.bss)
    .bss                                     0x200004cc   Section      156  tim.o(.bss)
    .bss                                     0x20000568   Section      576  usart.o(.bss)
    .bss                                     0x200007a8   Section      108  bsp_can.o(.bss)
    .bss                                     0x20000814   Section       40  bsp_uart.o(.bss)
    .bss                                     0x2000083c   Section      128  user_tim.o(.bss)
    .bss                                     0x200008bc   Section     1164  task_gimbal.o(.bss)
    yaw_speed_error                          0x20000d38   Data          16  task_gimbal.o(.bss)
    .bss                                     0x20000d48   Section      144  shoot.o(.bss)
    .bss                                     0x20000dd8   Section       22  system.o(.bss)
    .bss                                     0x20000df0   Section       32  vision.o(.bss)
    .bss                                     0x20000e10   Section       36  revolver.o(.bss)
    STACK                                    0x20000e38   Section     1024  startup_stm32f427xx.o(STACK)

    Global Symbols

    Symbol Name                              Value     Ov Type        Size  Object(Section)

    BuildAttributes$$THM_ISAv4$E$P$D$K$B$S$7EM$VFPi3$EXTD16$VFPS$VFMA$PE$A:L22UL41UL21$X:L11$S22US41US21$IEEE1$IW$USESV6$~STKCKD$USESV7$~SHL$OTIME$ROPI$IEEEX$EBA8$MICROLIB$REQ8$PRES8$EABIv2 0x00000000   Number         0  anon$$obj.o ABSOLUTE
    __ARM_use_no_argv                        0x00000000   Number         0  main.o ABSOLUTE
    __cpp_initialize__aeabi_                  - Undefined Weak Reference
    __cxa_finalize                            - Undefined Weak Reference
    _clock_init                               - Undefined Weak Reference
    _microlib_exit                            - Undefined Weak Reference
    __Vectors_Size                           0x000001ac   Number         0  startup_stm32f427xx.o ABSOLUTE
    __Vectors                                0x08000000   Data           4  startup_stm32f427xx.o(RESET)
    __Vectors_End                            0x080001ac   Data           0  startup_stm32f427xx.o(RESET)
    __main                                   0x080001ad   Thumb Code     0  entry.o(.ARM.Collect$$$$00000000)
    _main_stk                                0x080001ad   Thumb Code     0  entry2.o(.ARM.Collect$$$$00000001)
    _main_scatterload                        0x080001b1   Thumb Code     0  entry5.o(.ARM.Collect$$$$00000004)
    __main_after_scatterload                 0x080001b5   Thumb Code     0  entry5.o(.ARM.Collect$$$$00000004)
    _main_clock                              0x080001b5   Thumb Code     0  entry7b.o(.ARM.Collect$$$$00000008)
    _main_cpp_init                           0x080001b5   Thumb Code     0  entry8b.o(.ARM.Collect$$$$0000000A)
    _main_init                               0x080001b5   Thumb Code     0  entry9a.o(.ARM.Collect$$$$0000000B)
    __rt_final_cpp                           0x080001bd   Thumb Code     0  entry10a.o(.ARM.Collect$$$$0000000D)
    __rt_final_exit                          0x080001bd   Thumb Code     0  entry11a.o(.ARM.Collect$$$$0000000F)
    Reset_Handler                            0x080001c1   Thumb Code     8  startup_stm32f427xx.o(.text)
    ADC_IRQHandler                           0x080001db   Thumb Code     0  startup_stm32f427xx.o(.text)
    CAN1_RX1_IRQHandler                      0x080001db   Thumb Code     0  startup_stm32f427xx.o(.text)
    CAN1_SCE_IRQHandler                      0x080001db   Thumb Code     0  startup_stm32f427xx.o(.text)
    CAN2_RX1_IRQHandler                      0x080001db   Thumb Code     0  startup_stm32f427xx.o(.text)
    CAN2_SCE_IRQHandler                      0x080001db   Thumb Code     0  startup_stm32f427xx.o(.text)
    DCMI_IRQHandler                          0x080001db   Thumb Code     0  startup_stm32f427xx.o(.text)
    DMA1_Stream0_IRQHandler                  0x080001db   Thumb Code     0  startup_stm32f427xx.o(.text)
    DMA1_Stream1_IRQHandler                  0x080001db   Thumb Code     0  startup_stm32f427xx.o(.text)
    DMA1_Stream2_IRQHandler                  0x080001db   Thumb Code     0  startup_stm32f427xx.o(.text)
    DMA1_Stream3_IRQHandler                  0x080001db   Thumb Code     0  startup_stm32f427xx.o(.text)
    DMA1_Stream4_IRQHandler                  0x080001db   Thumb Code     0  startup_stm32f427xx.o(.text)
    DMA1_Stream7_IRQHandler                  0x080001db   Thumb Code     0  startup_stm32f427xx.o(.text)
    DMA2D_IRQHandler                         0x080001db   Thumb Code     0  startup_stm32f427xx.o(.text)
    DMA2_Stream0_IRQHandler                  0x080001db   Thumb Code     0  startup_stm32f427xx.o(.text)
    DMA2_Stream1_IRQHandler                  0x080001db   Thumb Code     0  startup_stm32f427xx.o(.text)
    DMA2_Stream3_IRQHandler                  0x080001db   Thumb Code     0  startup_stm32f427xx.o(.text)
    DMA2_Stream4_IRQHandler                  0x080001db   Thumb Code     0  startup_stm32f427xx.o(.text)
    DMA2_Stream5_IRQHandler                  0x080001db   Thumb Code     0  startup_stm32f427xx.o(.text)
    DMA2_Stream6_IRQHandler                  0x080001db   Thumb Code     0  startup_stm32f427xx.o(.text)
    DMA2_Stream7_IRQHandler                  0x080001db   Thumb Code     0  startup_stm32f427xx.o(.text)
    ETH_IRQHandler                           0x080001db   Thumb Code     0  startup_stm32f427xx.o(.text)
    ETH_WKUP_IRQHandler                      0x080001db   Thumb Code     0  startup_stm32f427xx.o(.text)
    EXTI0_IRQHandler                         0x080001db   Thumb Code     0  startup_stm32f427xx.o(.text)
    EXTI15_10_IRQHandler                     0x080001db   Thumb Code     0  startup_stm32f427xx.o(.text)
    EXTI1_IRQHandler                         0x080001db   Thumb Code     0  startup_stm32f427xx.o(.text)
    EXTI2_IRQHandler                         0x080001db   Thumb Code     0  startup_stm32f427xx.o(.text)
    EXTI3_IRQHandler                         0x080001db   Thumb Code     0  startup_stm32f427xx.o(.text)
    EXTI4_IRQHandler                         0x080001db   Thumb Code     0  startup_stm32f427xx.o(.text)
    EXTI9_5_IRQHandler                       0x080001db   Thumb Code     0  startup_stm32f427xx.o(.text)
    FLASH_IRQHandler                         0x080001db   Thumb Code     0  startup_stm32f427xx.o(.text)
    FMC_IRQHandler                           0x080001db   Thumb Code     0  startup_stm32f427xx.o(.text)
    FPU_IRQHandler                           0x080001db   Thumb Code     0  startup_stm32f427xx.o(.text)
    HASH_RNG_IRQHandler                      0x080001db   Thumb Code     0  startup_stm32f427xx.o(.text)
    I2C1_ER_IRQHandler                       0x080001db   Thumb Code     0  startup_stm32f427xx.o(.text)
    I2C1_EV_IRQHandler                       0x080001db   Thumb Code     0  startup_stm32f427xx.o(.text)
    I2C2_ER_IRQHandler                       0x080001db   Thumb Code     0  startup_stm32f427xx.o(.text)
    I2C2_EV_IRQHandler                       0x080001db   Thumb Code     0  startup_stm32f427xx.o(.text)
    I2C3_ER_IRQHandler                       0x080001db   Thumb Code     0  startup_stm32f427xx.o(.text)
    I2C3_EV_IRQHandler                       0x080001db   Thumb Code     0  startup_stm32f427xx.o(.text)
    OTG_FS_IRQHandler                        0x080001db   Thumb Code     0  startup_stm32f427xx.o(.text)
    OTG_FS_WKUP_IRQHandler                   0x080001db   Thumb Code     0  startup_stm32f427xx.o(.text)
    OTG_HS_EP1_IN_IRQHandler                 0x080001db   Thumb Code     0  startup_stm32f427xx.o(.text)
    OTG_HS_EP1_OUT_IRQHandler                0x080001db   Thumb Code     0  startup_stm32f427xx.o(.text)
    OTG_HS_IRQHandler                        0x080001db   Thumb Code     0  startup_stm32f427xx.o(.text)
    OTG_HS_WKUP_IRQHandler                   0x080001db   Thumb Code     0  startup_stm32f427xx.o(.text)
    PVD_IRQHandler                           0x080001db   Thumb Code     0  startup_stm32f427xx.o(.text)
    RCC_IRQHandler                           0x080001db   Thumb Code     0  startup_stm32f427xx.o(.text)
    RTC_Alarm_IRQHandler                     0x080001db   Thumb Code     0  startup_stm32f427xx.o(.text)
    RTC_WKUP_IRQHandler                      0x080001db   Thumb Code     0  startup_stm32f427xx.o(.text)
    SAI1_IRQHandler                          0x080001db   Thumb Code     0  startup_stm32f427xx.o(.text)
    SDIO_IRQHandler                          0x080001db   Thumb Code     0  startup_stm32f427xx.o(.text)
    SPI1_IRQHandler                          0x080001db   Thumb Code     0  startup_stm32f427xx.o(.text)
    SPI2_IRQHandler                          0x080001db   Thumb Code     0  startup_stm32f427xx.o(.text)
    SPI3_IRQHandler                          0x080001db   Thumb Code     0  startup_stm32f427xx.o(.text)
    SPI4_IRQHandler                          0x080001db   Thumb Code     0  startup_stm32f427xx.o(.text)
    SPI5_IRQHandler                          0x080001db   Thumb Code     0  startup_stm32f427xx.o(.text)
    SPI6_IRQHandler                          0x080001db   Thumb Code     0  startup_stm32f427xx.o(.text)
    TAMP_STAMP_IRQHandler                    0x080001db   Thumb Code     0  startup_stm32f427xx.o(.text)
    TIM1_BRK_TIM9_IRQHandler                 0x080001db   Thumb Code     0  startup_stm32f427xx.o(.text)
    TIM1_CC_IRQHandler                       0x080001db   Thumb Code     0  startup_stm32f427xx.o(.text)
    TIM1_TRG_COM_TIM11_IRQHandler            0x080001db   Thumb Code     0  startup_stm32f427xx.o(.text)
    TIM1_UP_TIM10_IRQHandler                 0x080001db   Thumb Code     0  startup_stm32f427xx.o(.text)
    TIM2_IRQHandler                          0x080001db   Thumb Code     0  startup_stm32f427xx.o(.text)
    TIM5_IRQHandler                          0x080001db   Thumb Code     0  startup_stm32f427xx.o(.text)
    TIM6_DAC_IRQHandler                      0x080001db   Thumb Code     0  startup_stm32f427xx.o(.text)
    TIM7_IRQHandler                          0x080001db   Thumb Code     0  startup_stm32f427xx.o(.text)
    TIM8_BRK_TIM12_IRQHandler                0x080001db   Thumb Code     0  startup_stm32f427xx.o(.text)
    TIM8_CC_IRQHandler                       0x080001db   Thumb Code     0  startup_stm32f427xx.o(.text)
    TIM8_TRG_COM_TIM14_IRQHandler            0x080001db   Thumb Code     0  startup_stm32f427xx.o(.text)
    TIM8_UP_TIM13_IRQHandler                 0x080001db   Thumb Code     0  startup_stm32f427xx.o(.text)
    UART4_IRQHandler                         0x080001db   Thumb Code     0  startup_stm32f427xx.o(.text)
    UART5_IRQHandler                         0x080001db   Thumb Code     0  startup_stm32f427xx.o(.text)
    UART7_IRQHandler                         0x080001db   Thumb Code     0  startup_stm32f427xx.o(.text)
    UART8_IRQHandler                         0x080001db   Thumb Code     0  startup_stm32f427xx.o(.text)
    USART3_IRQHandler                        0x080001db   Thumb Code     0  startup_stm32f427xx.o(.text)
    WWDG_IRQHandler                          0x080001db   Thumb Code     0  startup_stm32f427xx.o(.text)
    arm_mat_add_f32                          0x080001e5   Thumb Code   264  arm_mat_add_f32.o(.text)
    arm_mat_init_f32                         0x080002ed   Thumb Code     8  arm_mat_init_f32.o(.text)
    arm_mat_inverse_f32                      0x080002f5   Thumb Code  1328  arm_mat_inverse_f32.o(.text)
    arm_mat_mult_f32                         0x08000825   Thumb Code   312  arm_mat_mult_f32.o(.text)
    arm_mat_sub_f32                          0x08000961   Thumb Code   264  arm_mat_sub_f32.o(.text)
    __aeabi_uldivmod                         0x08000a69   Thumb Code    98  uldiv.o(.text)
    __aeabi_memset                           0x08000acb   Thumb Code    14  memseta.o(.text)
    __aeabi_memset4                          0x08000acb   Thumb Code     0  memseta.o(.text)
    __aeabi_memset8                          0x08000acb   Thumb Code     0  memseta.o(.text)
    __aeabi_memclr                           0x08000ad9   Thumb Code     4  memseta.o(.text)
    __aeabi_memclr4                          0x08000ad9   Thumb Code     0  memseta.o(.text)
    __aeabi_memclr8                          0x08000ad9   Thumb Code     0  memseta.o(.text)
    _memset$wrapper                          0x08000add   Thumb Code    18  memseta.o(.text)
    __aeabi_dmul                             0x08000aef   Thumb Code   228  dmul.o(.text)
    __aeabi_i2d                              0x08000bd3   Thumb Code    34  dflti.o(.text)
    __aeabi_f2d                              0x08000bf5   Thumb Code    38  f2d.o(.text)
    __aeabi_cdcmpeq                          0x08000c1d   Thumb Code     0  cdcmple.o(.text)
    __aeabi_cdcmple                          0x08000c1d   Thumb Code    48  cdcmple.o(.text)
    __aeabi_cdrcmple                         0x08000c4d   Thumb Code    48  cdrcmple.o(.text)
    __aeabi_d2f                              0x08000c7d   Thumb Code    56  d2f.o(.text)
    __aeabi_llsl                             0x08000cb5   Thumb Code    30  llshl.o(.text)
    _ll_shift_l                              0x08000cb5   Thumb Code     0  llshl.o(.text)
    __aeabi_llsr                             0x08000cd3   Thumb Code    32  llushr.o(.text)
    _ll_ushift_r                             0x08000cd3   Thumb Code     0  llushr.o(.text)
    __I$use$fp                               0x08000cf3   Thumb Code     0  iusefp.o(.text)
    _float_round                             0x08000cf3   Thumb Code    18  fepilogue.o(.text)
    _float_epilogue                          0x08000d05   Thumb Code    92  fepilogue.o(.text)
    _double_round                            0x08000d61   Thumb Code    30  depilogue.o(.text)
    _double_epilogue                         0x08000d7f   Thumb Code   156  depilogue.o(.text)
    __scatterload                            0x08000e1d   Thumb Code    28  init.o(.text)
    __scatterload_rt2                        0x08000e1d   Thumb Code     0  init.o(.text)
    __decompress                             0x08000e41   Thumb Code     0  __dczerorl2.o(.text)
    __decompress1                            0x08000e41   Thumb Code    86  __dczerorl2.o(.text)
    BusFault_Handler                         0x08000e97   Thumb Code     4  stm32f4xx_it.o(i.BusFault_Handler)
    CAN1_RX0_IRQHandler                      0x08000e9d   Thumb Code    10  stm32f4xx_it.o(i.CAN1_RX0_IRQHandler)
    CAN1_TX_IRQHandler                       0x08000ead   Thumb Code    10  stm32f4xx_it.o(i.CAN1_TX_IRQHandler)
    CAN2_RX0_IRQHandler                      0x08000ebd   Thumb Code    10  stm32f4xx_it.o(i.CAN2_RX0_IRQHandler)
    CAN2_TX_IRQHandler                       0x08000ecd   Thumb Code    10  stm32f4xx_it.o(i.CAN2_TX_IRQHandler)
    DMA1_Stream5_IRQHandler                  0x08000edd   Thumb Code    10  stm32f4xx_it.o(i.DMA1_Stream5_IRQHandler)
    DMA1_Stream6_IRQHandler                  0x08000eed   Thumb Code    10  stm32f4xx_it.o(i.DMA1_Stream6_IRQHandler)
    DMA2_Stream2_IRQHandler                  0x08000efd   Thumb Code    10  stm32f4xx_it.o(i.DMA2_Stream2_IRQHandler)
    DebugMon_Handler                         0x08001017   Thumb Code     2  stm32f4xx_it.o(i.DebugMon_Handler)
    Error_Handler                            0x08001019   Thumb Code     2  main.o(i.Error_Handler)
    FRIC_KeyLevel_Ctrl                       0x0800101d   Thumb Code    54  shoot.o(i.FRIC_KeyLevel_Ctrl)
    FRIC_RcSwitch                            0x0800105d   Thumb Code    78  shoot.o(i.FRIC_RcSwitch)
    Friction_set_voltage                     0x080010b5   Thumb Code    92  bsp_can.o(i.Friction_set_voltage)
    GIMBAL_AUTO_Mode_Ctrl                    0x08001115   Thumb Code  2042  task_gimbal.o(i.GIMBAL_AUTO_Mode_Ctrl)
    GIMBAL_AUTO_PITCH_Sen                    0x080019a9   Thumb Code    48  task_gimbal.o(i.GIMBAL_AUTO_PITCH_Sen)
    GIMBAL_AUTO_PITCH_Sen_SK                 0x080019e9   Thumb Code    70  task_gimbal.o(i.GIMBAL_AUTO_PITCH_Sen_SK)
    GIMBAL_AUTO_PITCH_Sentry                 0x08001a45   Thumb Code     4  task_gimbal.o(i.GIMBAL_AUTO_PITCH_Sentry)
    GIMBAL_GetOffsetAngle                    0x08001a49   Thumb Code    68  task_gimbal.o(i.GIMBAL_GetOffsetAngle)
    GIMBAL_IfPitchLevel                      0x08001a95   Thumb Code    78  task_gimbal.o(i.GIMBAL_IfPitchLevel)
    GIMBAL_InitArgument                      0x08001af1   Thumb Code   410  task_gimbal.o(i.GIMBAL_InitArgument)
    GIMBAL_InitCtrl                          0x08001d15   Thumb Code   176  task_gimbal.o(i.GIMBAL_InitCtrl)
    GIMBAL_Key_Ctrl                          0x08001de9   Thumb Code   196  task_gimbal.o(i.GIMBAL_Key_Ctrl)
    GIMBAL_LEVEL_Mode_Ctrl                   0x08001ec9   Thumb Code    40  task_gimbal.o(i.GIMBAL_LEVEL_Mode_Ctrl)
    GIMBAL_NORMAL_Mode_Ctrl                  0x08001f09   Thumb Code   554  task_gimbal.o(i.GIMBAL_NORMAL_Mode_Ctrl)
    GIMBAL_PID                               0x080021a5   Thumb Code  1116  task_gimbal.o(i.GIMBAL_PID)
    GIMBAL_PID_Mode                          0x08002601   Thumb Code   458  task_gimbal.o(i.GIMBAL_PID_Mode)
    GIMBAL_Rc_Ctrl                           0x080027e5   Thumb Code   296  task_gimbal.o(i.GIMBAL_Rc_Ctrl)
    Gimbal_Chass_Separ_Limit                 0x08002935   Thumb Code   438  task_gimbal.o(i.Gimbal_Chass_Separ_Limit)
    Gimbal_set_voltage                       0x08002b0d   Thumb Code    64  bsp_can.o(i.Gimbal_set_voltage)
    Gimbal_value                             0x08002b51   Thumb Code   102  task_gimbal.o(i.Gimbal_value)
    HAL_CAN_ActivateNotification             0x08002bcd   Thumb Code    42  stm32f4xx_hal_can.o(i.HAL_CAN_ActivateNotification)
    HAL_CAN_AddTxMessage                     0x08002bf7   Thumb Code   342  stm32f4xx_hal_can.o(i.HAL_CAN_AddTxMessage)
    HAL_CAN_ConfigFilter                     0x08002d4d   Thumb Code   286  stm32f4xx_hal_can.o(i.HAL_CAN_ConfigFilter)
    HAL_CAN_ErrorCallback                    0x08002e71   Thumb Code     2  stm32f4xx_hal_can.o(i.HAL_CAN_ErrorCallback)
    HAL_CAN_GetRxMessage                     0x08002e73   Thumb Code   380  stm32f4xx_hal_can.o(i.HAL_CAN_GetRxMessage)
    HAL_CAN_IRQHandler                       0x08002fef   Thumb Code   590  stm32f4xx_hal_can.o(i.HAL_CAN_IRQHandler)
    HAL_CAN_Init                             0x0800323d   Thumb Code   372  stm32f4xx_hal_can.o(i.HAL_CAN_Init)
    HAL_CAN_MspInit                          0x080033b1   Thumb Code   354  can.o(i.HAL_CAN_MspInit)
    HAL_CAN_RxFifo0FullCallback              0x0800352d   Thumb Code     2  stm32f4xx_hal_can.o(i.HAL_CAN_RxFifo0FullCallback)
    HAL_CAN_RxFifo0MsgPendingCallback        0x08003531   Thumb Code   708  bsp_can.o(i.HAL_CAN_RxFifo0MsgPendingCallback)
    HAL_CAN_RxFifo1FullCallback              0x08003819   Thumb Code     2  stm32f4xx_hal_can.o(i.HAL_CAN_RxFifo1FullCallback)
    HAL_CAN_RxFifo1MsgPendingCallback        0x0800381b   Thumb Code     2  stm32f4xx_hal_can.o(i.HAL_CAN_RxFifo1MsgPendingCallback)
    HAL_CAN_SleepCallback                    0x0800381d   Thumb Code     2  stm32f4xx_hal_can.o(i.HAL_CAN_SleepCallback)
    HAL_CAN_Start                            0x0800381f   Thumb Code    94  stm32f4xx_hal_can.o(i.HAL_CAN_Start)
    HAL_CAN_TxMailbox0AbortCallback          0x0800387d   Thumb Code     2  stm32f4xx_hal_can.o(i.HAL_CAN_TxMailbox0AbortCallback)
    HAL_CAN_TxMailbox0CompleteCallback       0x0800387f   Thumb Code     2  bsp_can.o(i.HAL_CAN_TxMailbox0CompleteCallback)
    HAL_CAN_TxMailbox1AbortCallback          0x08003881   Thumb Code     2  stm32f4xx_hal_can.o(i.HAL_CAN_TxMailbox1AbortCallback)
    HAL_CAN_TxMailbox1CompleteCallback       0x08003885   Thumb Code    12  bsp_can.o(i.HAL_CAN_TxMailbox1CompleteCallback)
    HAL_CAN_TxMailbox2AbortCallback          0x08003895   Thumb Code     2  stm32f4xx_hal_can.o(i.HAL_CAN_TxMailbox2AbortCallback)
    HAL_CAN_TxMailbox2CompleteCallback       0x08003897   Thumb Code     2  bsp_can.o(i.HAL_CAN_TxMailbox2CompleteCallback)
    HAL_CAN_WakeUpFromRxMsgCallback          0x08003899   Thumb Code     2  stm32f4xx_hal_can.o(i.HAL_CAN_WakeUpFromRxMsgCallback)
    HAL_DMA_Abort_IT                         0x0800389b   Thumb Code    40  stm32f4xx_hal_dma.o(i.HAL_DMA_Abort_IT)
    HAL_DMA_IRQHandler                       0x080038c5   Thumb Code   570  stm32f4xx_hal_dma.o(i.HAL_DMA_IRQHandler)
    HAL_DMA_Init                             0x08003b05   Thumb Code   232  stm32f4xx_hal_dma.o(i.HAL_DMA_Init)
    HAL_DMA_Start                            0x08003bf1   Thumb Code   102  stm32f4xx_hal_dma.o(i.HAL_DMA_Start)
    HAL_DMA_Start_IT                         0x08003c57   Thumb Code   158  stm32f4xx_hal_dma.o(i.HAL_DMA_Start_IT)
    HAL_GPIO_Init                            0x08003cf5   Thumb Code   486  stm32f4xx_hal_gpio.o(i.HAL_GPIO_Init)
    HAL_GPIO_WritePin                        0x08003f11   Thumb Code    12  stm32f4xx_hal_gpio.o(i.HAL_GPIO_WritePin)
    HAL_GetTick                              0x08003f1d   Thumb Code     6  stm32f4xx_hal.o(i.HAL_GetTick)
    HAL_IncTick                              0x08003f29   Thumb Code    16  stm32f4xx_hal.o(i.HAL_IncTick)
    HAL_Init                                 0x08003f41   Thumb Code    54  stm32f4xx_hal.o(i.HAL_Init)
    HAL_InitTick                             0x08003f7d   Thumb Code    64  stm32f4xx_hal.o(i.HAL_InitTick)
    HAL_MspInit                              0x08003fc9   Thumb Code    68  stm32f4xx_hal_msp.o(i.HAL_MspInit)
    HAL_NVIC_EnableIRQ                       0x08004011   Thumb Code    32  stm32f4xx_hal_cortex.o(i.HAL_NVIC_EnableIRQ)
    HAL_NVIC_SetPriority                     0x08004031   Thumb Code   124  stm32f4xx_hal_cortex.o(i.HAL_NVIC_SetPriority)
    HAL_NVIC_SetPriorityGrouping             0x080040ad   Thumb Code    32  stm32f4xx_hal_cortex.o(i.HAL_NVIC_SetPriorityGrouping)
    HAL_RCC_ClockConfig                      0x080040d5   Thumb Code   366  stm32f4xx_hal_rcc.o(i.HAL_RCC_ClockConfig)
    HAL_RCC_GetHCLKFreq                      0x08004255   Thumb Code     6  stm32f4xx_hal_rcc.o(i.HAL_RCC_GetHCLKFreq)
    HAL_RCC_GetPCLK1Freq                     0x08004261   Thumb Code    22  stm32f4xx_hal_rcc.o(i.HAL_RCC_GetPCLK1Freq)
    HAL_RCC_GetPCLK2Freq                     0x08004281   Thumb Code    22  stm32f4xx_hal_rcc.o(i.HAL_RCC_GetPCLK2Freq)
    HAL_RCC_GetSysClockFreq                  0x080042a1   Thumb Code   162  stm32f4xx_hal_rcc.o(i.HAL_RCC_GetSysClockFreq)
    HAL_RCC_OscConfig                        0x08004351   Thumb Code  1086  stm32f4xx_hal_rcc.o(i.HAL_RCC_OscConfig)
    HAL_SYSTICK_Config                       0x08004799   Thumb Code    52  stm32f4xx_hal_cortex.o(i.HAL_SYSTICK_Config)
    HAL_TIMEx_ConfigBreakDeadTime            0x080047cd   Thumb Code   116  stm32f4xx_hal_tim_ex.o(i.HAL_TIMEx_ConfigBreakDeadTime)
    HAL_TIMEx_MasterConfigSynchronization    0x08004841   Thumb Code    84  stm32f4xx_hal_tim_ex.o(i.HAL_TIMEx_MasterConfigSynchronization)
    HAL_TIM_Base_Init                        0x08004895   Thumb Code    52  stm32f4xx_hal_tim.o(i.HAL_TIM_Base_Init)
    HAL_TIM_Base_MspInit                     0x080048c9   Thumb Code   166  tim.o(i.HAL_TIM_Base_MspInit)
    HAL_TIM_ConfigClockSource                0x08004981   Thumb Code   264  stm32f4xx_hal_tim.o(i.HAL_TIM_ConfigClockSource)
    HAL_TIM_MspPostInit                      0x08004a89   Thumb Code   142  tim.o(i.HAL_TIM_MspPostInit)
    HAL_TIM_PWM_ConfigChannel                0x08004b29   Thumb Code   264  stm32f4xx_hal_tim.o(i.HAL_TIM_PWM_ConfigChannel)
    HAL_TIM_PWM_Init                         0x08004c31   Thumb Code    52  stm32f4xx_hal_tim.o(i.HAL_TIM_PWM_Init)
    HAL_TIM_PWM_MspInit                      0x08004c65   Thumb Code   116  tim.o(i.HAL_TIM_PWM_MspInit)
    HAL_TIM_PWM_Start                        0x08004ce5   Thumb Code    80  stm32f4xx_hal_tim.o(i.HAL_TIM_PWM_Start)
    HAL_UART_ErrorCallback                   0x08004d3d   Thumb Code     2  stm32f4xx_hal_uart.o(i.HAL_UART_ErrorCallback)
    HAL_UART_IRQHandler                      0x08004d41   Thumb Code   328  stm32f4xx_hal_uart.o(i.HAL_UART_IRQHandler)
    HAL_UART_Init                            0x08004e8d   Thumb Code   114  stm32f4xx_hal_uart.o(i.HAL_UART_Init)
    HAL_UART_MspInit                         0x08004f01   Thumb Code   658  usart.o(i.HAL_UART_MspInit)
    HAL_UART_Receive_DMA                     0x080051c9   Thumb Code   182  stm32f4xx_hal_uart.o(i.HAL_UART_Receive_DMA)
    HAL_UART_RxCpltCallback                  0x0800528d   Thumb Code     2  stm32f4xx_hal_uart.o(i.HAL_UART_RxCpltCallback)
    HAL_UART_RxHalfCpltCallback              0x0800528f   Thumb Code     2  stm32f4xx_hal_uart.o(i.HAL_UART_RxHalfCpltCallback)
    HAL_UART_TxCpltCallback                  0x08005291   Thumb Code     2  stm32f4xx_hal_uart.o(i.HAL_UART_TxCpltCallback)
    HardFault_Handler                        0x08005293   Thumb Code     4  stm32f4xx_it.o(i.HardFault_Handler)
    IF_FRIC_READY                            0x08005299   Thumb Code    36  shoot.o(i.IF_FRIC_READY)
    JUDGE_usGetShootCold                     0x080052c5   Thumb Code     4  revolver.o(i.JUDGE_usGetShootCold)
    KalmanCreate                             0x080052c9   Thumb Code    26  calculate.o(i.KalmanCreate)
    KalmanFilter                             0x080052e9   Thumb Code   122  calculate.o(i.KalmanFilter)
    MX_CAN1_Init                             0x08005365   Thumb Code    62  can.o(i.MX_CAN1_Init)
    MX_CAN2_Init                             0x080053ad   Thumb Code    62  can.o(i.MX_CAN2_Init)
    MX_DMA_Init                              0x080053f5   Thumb Code   114  dma.o(i.MX_DMA_Init)
    MX_GPIO_Init                             0x0800546d   Thumb Code   404  gpio.o(i.MX_GPIO_Init)
    MX_TIM1_Init                             0x08005615   Thumb Code   242  tim.o(i.MX_TIM1_Init)
    MX_TIM3_Init                             0x08005711   Thumb Code    36  user_tim.o(i.MX_TIM3_Init)
    MX_USART1_UART_Init                      0x0800573d   Thumb Code    48  usart.o(i.MX_USART1_UART_Init)
    MX_USART2_UART_Init                      0x08005779   Thumb Code    46  usart.o(i.MX_USART2_UART_Init)
    MX_USART6_UART_Init                      0x080057b1   Thumb Code    46  usart.o(i.MX_USART6_UART_Init)
    Magazine_Ctrl                            0x080057e9   Thumb Code    88  magazine.o(i.Magazine_Ctrl)
    Magazine_Key_Ctrl                        0x08005855   Thumb Code   118  magazine.o(i.Magazine_Key_Ctrl)
    Magazine_init                            0x080058e5   Thumb Code    12  magazine.o(i.Magazine_init)
    Magezine_Rc_Switch                       0x080058f9   Thumb Code    78  magazine.o(i.Magezine_Rc_Switch)
    MemManage_Handler                        0x08005951   Thumb Code     4  stm32f4xx_it.o(i.MemManage_Handler)
    NMI_Handler                              0x08005955   Thumb Code     2  stm32f4xx_it.o(i.NMI_Handler)
    PID_struct_init                          0x08005957   Thumb Code    18  shoot.o(i.PID_struct_init)
    PendSV_Handler                           0x08005969   Thumb Code     2  stm32f4xx_it.o(i.PendSV_Handler)
    RAMP_float                               0x0800596d   Thumb Code   102  calculate.o(i.RAMP_float)
    REVOLVER_CANbusCtrlMotor                 0x080059d9   Thumb Code    50  revolver.o(i.REVOLVER_CANbusCtrlMotor)
    REVOLVER_InitArgument                    0x08005a11   Thumb Code   186  revolver.o(i.REVOLVER_InitArgument)
    REVOLVER_KeyPosiCtrl                     0x08005b15   Thumb Code   112  revolver.o(i.REVOLVER_KeyPosiCtrl)
    REVOLVER_KeySpeedCtrl                    0x08005ba5   Thumb Code     2  revolver.o(i.REVOLVER_KeySpeedCtrl)
    REVOLVER_Key_Ctrl                        0x08005ba9   Thumb Code   106  revolver.o(i.REVOLVER_Key_Ctrl)
    REVOLVER_Rc_Ctrl                         0x08005c1d   Thumb Code   238  revolver.o(i.REVOLVER_Rc_Ctrl)
    REVOLVER_Rc_Switch                       0x08005d41   Thumb Code    78  revolver.o(i.REVOLVER_Rc_Switch)
    REVOLVER_Rest                            0x08005d99   Thumb Code   108  revolver.o(i.REVOLVER_Rest)
    REVOL_PositStuck                         0x08005e2d   Thumb Code   174  revolver.o(i.REVOL_PositStuck)
    REVOL_PositionLoop                       0x08005f01   Thumb Code   208  revolver.o(i.REVOL_PositionLoop)
    REVOL_SpeedLoop                          0x08005ffd   Thumb Code   158  revolver.o(i.REVOL_SpeedLoop)
    REVOL_UpdateMotorAngleSum                0x080060c1   Thumb Code   208  revolver.o(i.REVOL_UpdateMotorAngleSum)
    RampInc_float                            0x0800619d   Thumb Code   142  calculate.o(i.RampInc_float)
    Revolver_Angle_Rest                      0x08006231   Thumb Code    70  revolver.o(i.Revolver_Angle_Rest)
    Revolver_Heat_Limit                      0x08006291   Thumb Code     4  revolver.o(i.Revolver_Heat_Limit)
    SHOOT_HIGHTF_LOWS_Ctrl                   0x08006295   Thumb Code    48  revolver.o(i.SHOOT_HIGHTF_LOWS_Ctrl)
    SHOOT_MIDF_HIGHTS_Ctrl                   0x080062d5   Thumb Code    50  revolver.o(i.SHOOT_MIDF_HIGHTS_Ctrl)
    SHOOT_NORMAL_Ctrl                        0x08006319   Thumb Code   298  revolver.o(i.SHOOT_NORMAL_Ctrl)
    SHOOT_SINGLE_Ctrl                        0x0800646d   Thumb Code    58  revolver.o(i.SHOOT_SINGLE_Ctrl)
    SHOOT_TRIPLE_Ctrl                        0x080064bd   Thumb Code   142  revolver.o(i.SHOOT_TRIPLE_Ctrl)
    SVC_Handler                              0x08006561   Thumb Code     2  stm32f4xx_it.o(i.SVC_Handler)
    SYSTEM_GetRemoteMode                     0x08006565   Thumb Code     6  system.o(i.SYSTEM_GetRemoteMode)
    SYSTEM_Reset                             0x08006571   Thumb Code     8  system.o(i.SYSTEM_Reset)
    Shoot_Ctrl                               0x0800657d   Thumb Code    78  shoot.o(i.Shoot_Ctrl)
    SysTick_Handler                          0x080065d9   Thumb Code     8  stm32f4xx_it.o(i.SysTick_Handler)
    SystemClock_Config                       0x080065e1   Thumb Code   172  system.o(i.SystemClock_Config)
    SystemInit                               0x08006695   Thumb Code    82  system_stm32f4xx.o(i.SystemInit)
    System_Run                               0x080066f9   Thumb Code    34  system.o(i.System_Run)
    System_Stop                              0x08006721   Thumb Code    64  system.o(i.System_Stop)
    TIM3_IRQHandler                          0x08006765   Thumb Code     8  user_tim.o(i.TIM3_IRQHandler)
    TIM4_IRQHandler                          0x0800676d   Thumb Code    12  user_tim.o(i.TIM4_IRQHandler)
    TIM_Base_SetConfig                       0x0800677d   Thumb Code   170  stm32f4xx_hal_tim.o(i.TIM_Base_SetConfig)
    TIM_CCxChannelCmd                        0x08006855   Thumb Code    34  stm32f4xx_hal_tim.o(i.TIM_CCxChannelCmd)
    TIM_ETR_SetConfig                        0x08006877   Thumb Code    22  stm32f4xx_hal_tim.o(i.TIM_ETR_SetConfig)
    TIM_OC2_SetConfig                        0x08006911   Thumb Code   114  stm32f4xx_hal_tim.o(i.TIM_OC2_SetConfig)
    Target_Speed_Calc                        0x08006aa9   Thumb Code    92  task_gimbal.o(i.Target_Speed_Calc)
    Task_Dispatch_tim                        0x08006b09   Thumb Code   162  system.o(i.Task_Dispatch_tim)
    Task_Revolver                            0x08006bc1   Thumb Code   126  revolver.o(i.Task_Revolver)
    Task_error                               0x08006c55   Thumb Code    14  system.o(i.Task_error)
    USART1_IRQHandler                        0x080071ed   Thumb Code    16  stm32f4xx_it.o(i.USART1_IRQHandler)
    USART2_IRQHandler                        0x08007201   Thumb Code    10  stm32f4xx_it.o(i.USART2_IRQHandler)
    USART6_IRQHandler                        0x08007211   Thumb Code    10  stm32f4xx_it.o(i.USART6_IRQHandler)
    UsageFault_Handler                       0x08007221   Thumb Code     4  stm32f4xx_it.o(i.UsageFault_Handler)
    __hardfp_fabs                            0x0800725d   Thumb Code    20  fabs.o(i.__hardfp_fabs)
    __scatterload_copy                       0x08007271   Thumb Code    14  handlers.o(i.__scatterload_copy)
    __scatterload_null                       0x0800727f   Thumb Code     2  handlers.o(i.__scatterload_null)
    __scatterload_zeroinit                   0x08007281   Thumb Code    14  handlers.o(i.__scatterload_zeroinit)
    abs_limit                                0x0800728f   Thumb Code    46  shoot.o(i.abs_limit)
    constrain_float                          0x080072bd   Thumb Code    42  calculate.o(i.constrain_float)
    dbus_uart_init                           0x080072e9   Thumb Code    56  bsp_uart.o(i.dbus_uart_init)
    dma_current_data_counter                 0x08007329   Thumb Code     8  bsp_uart.o(i.dma_current_data_counter)
    drv_can_init                             0x08007331   Thumb Code   100  bsp_can.o(i.drv_can_init)
    fric_set_output                          0x0800739d   Thumb Code   122  shoot.o(i.fric_set_output)
    init_system                              0x0800742d   Thumb Code   134  system.o(i.init_system)
    kalman_filter_calc                       0x080074c9   Thumb Code   366  calculate.o(i.kalman_filter_calc)
    main                                     0x08007641   Thumb Code    16  main.o(i.main)
    pid_calc                                 0x08007651   Thumb Code   158  shoot.o(i.pid_calc)
    rc_callback_handler                      0x080076ef   Thumb Code   290  bsp_uart.o(i.rc_callback_handler)
    sent_gimbal_to_down                      0x08007811   Thumb Code    48  task_gimbal.o(i.sent_gimbal_to_down)
    shoot_fric_ctrl                          0x08007845   Thumb Code   182  shoot.o(i.shoot_fric_ctrl)
    shoot_init                               0x08007905   Thumb Code    88  shoot.o(i.shoot_init)
    task_PID_out                             0x08007979   Thumb Code    68  task_gimbal.o(i.task_PID_out)
    uart_receive_handler                     0x08007a11   Thumb Code    34  bsp_uart.o(i.uart_receive_handler)
    AHBPrescTable                            0x08007aac   Data          16  system_stm32f4xx.o(.constdata)
    APBPrescTable                            0x08007abc   Data           8  system_stm32f4xx.o(.constdata)
    Region$$Table$$Base                      0x08007ac4   Number         0  anon$$obj.o(Region$$Table)
    Region$$Table$$Limit                     0x08007ae4   Number         0  anon$$obj.o(Region$$Table)
    uwTick                                   0x20000004   Data           4  stm32f4xx_hal.o(.data)
    uwTickPrio                               0x20000008   Data           4  stm32f4xx_hal.o(.data)
    uwTickFreq                               0x2000000c   Data           1  stm32f4xx_hal.o(.data)
    SystemCoreClock                          0x20000010   Data           4  system_stm32f4xx.o(.data)
    TxMailbox1                               0x20000014   Data           4  bsp_can.o(.data)
    flaghcan2                                0x20000018   Data           2  bsp_can.o(.data)
    flagcan1                                 0x2000001a   Data           2  bsp_can.o(.data)
    can1_error                               0x2000001c   Data           4  bsp_can.o(.data)
    can2_error                               0x20000020   Data           4  bsp_can.o(.data)
    modeGimbal                               0x20000024   Data           1  task_gimbal.o(.data)
    actGimbal                                0x20000025   Data           1  task_gimbal.o(.data)
    down_sb_pitch                            0x20000028   Data           4  task_gimbal.o(.data)
    up_sb_pitch                              0x2000002c   Data           4  task_gimbal.o(.data)
    kRc_Mech_Pitch                           0x20000030   Data           4  task_gimbal.o(.data)
    kRc_Mech_Yaw                             0x20000034   Data           4  task_gimbal.o(.data)
    kRc_Gyro_Pitch                           0x20000038   Data           4  task_gimbal.o(.data)
    kRc_Gyro_Yaw                             0x2000003c   Data           4  task_gimbal.o(.data)
    krc_gyro_yaw                             0x20000040   Data           4  task_gimbal.o(.data)
    kKey_Mech_Pitch                          0x20000044   Data           4  task_gimbal.o(.data)
    kKey_Mech_Yaw                            0x20000048   Data           4  task_gimbal.o(.data)
    kKey_Gyro_Pitch                          0x2000004c   Data           4  task_gimbal.o(.data)
    kKey_Gyro_Yaw                            0x20000050   Data           4  task_gimbal.o(.data)
    kkey_gyro_yaw                            0x20000054   Data           4  task_gimbal.o(.data)
    angleMpuPitch                            0x20000058   Data           4  task_gimbal.o(.data)
    angleMpuYaw                              0x2000005c   Data           4  task_gimbal.o(.data)
    angleMpuRoll                             0x20000060   Data           4  task_gimbal.o(.data)
    palstanceMpuPitch                        0x20000064   Data           2  task_gimbal.o(.data)
    palstanceMpuYaw                          0x20000066   Data           2  task_gimbal.o(.data)
    palstanceMpuRoll                         0x20000068   Data           2  task_gimbal.o(.data)
    pitch_out                                0x2000006c   Data           4  task_gimbal.o(.data)
    yaw_out                                  0x20000070   Data           4  task_gimbal.o(.data)
    Slope_Mouse_Pitch                        0x20000074   Data           4  task_gimbal.o(.data)
    Slope_Mouse_Yaw                          0x20000078   Data           4  task_gimbal.o(.data)
    Slope_Begin_Pitch                        0x2000007c   Data           4  task_gimbal.o(.data)
    Slope_Begin_Yaw                          0x20000080   Data           4  task_gimbal.o(.data)
    Mouse_Gyro_Yaw                           0x20000084   Data           4  task_gimbal.o(.data)
    Mouse_Gyro_Pitch                         0x20000088   Data           4  task_gimbal.o(.data)
    Slope_Turn_Yaw                           0x2000008c   Data           4  task_gimbal.o(.data)
    Slope_Back_Yaw                           0x20000090   Data           4  task_gimbal.o(.data)
    Slope_Fric_Pitch                         0x20000094   Data           4  task_gimbal.o(.data)
    if_yaw_auto_pre                          0x20000098   Data           1  task_gimbal.o(.data)
    Auto_Error_Yaw                           0x2000009c   Data           8  task_gimbal.o(.data)
    Auto_Error_Pitch                         0x200000a4   Data           8  task_gimbal.o(.data)
    Auto_Distance                            0x200000ac   Data           4  task_gimbal.o(.data)
    Slope_Auto_Yaw                           0x200000b0   Data           4  task_gimbal.o(.data)
    Slope_Auto_Pitch                         0x200000b4   Data           4  task_gimbal.o(.data)
    Auto_KF_Delay                            0x200000b8   Data           2  task_gimbal.o(.data)
    debug_y_sp_k                             0x200000bc   Data           4  task_gimbal.o(.data)
    debug_y_sen_sp_k                         0x200000c0   Data           4  task_gimbal.o(.data)
    debug_y_sen_brige_sp_k                   0x200000c4   Data           4  task_gimbal.o(.data)
    debug_p_sp_k                             0x200000c8   Data           4  task_gimbal.o(.data)
    debug_auto_err_y                         0x200000cc   Data           4  task_gimbal.o(.data)
    debug_auto_err_p                         0x200000d0   Data           4  task_gimbal.o(.data)
    debug_kf_delay                           0x200000d4   Data           4  task_gimbal.o(.data)
    debug_kf_speed_y_low                     0x200000d8   Data           4  task_gimbal.o(.data)
    debug_kf_speed_y_low_sen                 0x200000dc   Data           4  task_gimbal.o(.data)
    debug_kf_speed_y_high                    0x200000e0   Data           4  task_gimbal.o(.data)
    debug_kf_speed_p_low                     0x200000e4   Data           4  task_gimbal.o(.data)
    debug_kf_y_angcon                        0x200000e8   Data           4  task_gimbal.o(.data)
    debug_kf_p_angcon                        0x200000ec   Data           4  task_gimbal.o(.data)
    Vision_Angle_Speed_Yaw                   0x200000f0   Data           4  task_gimbal.o(.data)
    Vision_Angle_Speed_Pitch                 0x200000f4   Data           4  task_gimbal.o(.data)
    yaw_kf_result                            0x200000f8   Data           4  task_gimbal.o(.data)
    pitch_kf_result                          0x200000fc   Data           4  task_gimbal.o(.data)
    yaw_kalman_filter_para                   0x20000100   Data         180  task_gimbal.o(.data)
    pitch_kalman_filter_para                 0x200001b4   Data         180  task_gimbal.o(.data)
    Mobi_Prediction_Yaw                      0x20000268   Data           1  task_gimbal.o(.data)
    Mobi_Pre_Yaw_Fire                        0x20000269   Data           1  task_gimbal.o(.data)
    mobpre_yaw_left_delay                    0x2000026a   Data           2  task_gimbal.o(.data)
    mobpre_yaw_right_delay                   0x2000026c   Data           2  task_gimbal.o(.data)
    mobpre_yaw_stop_delay                    0x2000026e   Data           2  task_gimbal.o(.data)
    TURNMode_Yaw_Back_Total                  0x20000270   Data           4  task_gimbal.o(.data)
    TURNMode_Yaw_Turn_Total                  0x20000274   Data           4  task_gimbal.o(.data)
    Vision_Time                              0x20000278   Data           8  task_gimbal.o(.data)
    vision_time_delta                        0x20000280   Data           4  task_gimbal.o(.data)
    yaw_speed_k                              0x20000284   Data           4  task_gimbal.o(.data)
    kf_yaw_angcon                            0x20000288   Data           4  task_gimbal.o(.data)
    pitch_speed_k                            0x2000028c   Data           4  task_gimbal.o(.data)
    kf_pitch_angcon                          0x20000290   Data           4  task_gimbal.o(.data)
    kf_delay_open                            0x20000294   Data           4  task_gimbal.o(.data)
    kf_speed_yl                              0x20000298   Data           4  task_gimbal.o(.data)
    pitch_sb_error                           0x2000029c   Data           4  task_gimbal.o(.data)
    Friction_Switch                          0x20000304   Data           1  shoot.o(.data)
    fric_changing_flag                       0x20000305   Data           1  shoot.o(.data)
    fric_out1                                0x20000308   Data           4  shoot.o(.data)
    fric_out2                                0x2000030c   Data           4  shoot.o(.data)
    shoot_ramp                               0x20000310   Data           4  shoot.o(.data)
    shoot_mode                               0x20000314   Data           4  shoot.o(.data)
    Fric_Speed_Level                         0x20000318   Data           4  shoot.o(.data)
    rubber_ramp                              0x2000031c   Data           4  shoot.o(.data)
    rubber_spd                               0x20000320   Data           4  shoot.o(.data)
    shoot_target                             0x20000324   Data          32  shoot.o(.data)
    fric_rc_debug                            0x20000344   Data           4  shoot.o(.data)
    stcTime                                  0x2000034c   Data           8  jy901.o(.data)
    stcAcc                                   0x20000354   Data           8  jy901.o(.data)
    stcGyro                                  0x2000035c   Data           8  jy901.o(.data)
    stcAngle                                 0x20000364   Data           8  jy901.o(.data)
    stcMag                                   0x2000036c   Data           8  jy901.o(.data)
    stcDStatus                               0x20000374   Data           8  jy901.o(.data)
    stcPress                                 0x2000037c   Data           8  jy901.o(.data)
    stcLonLat                                0x20000384   Data           8  jy901.o(.data)
    stcGPSV                                  0x2000038c   Data           8  jy901.o(.data)
    stcQ                                     0x20000394   Data           8  jy901.o(.data)
    yaw_w                                    0x2000039c   Data           4  jy901.o(.data)
    yaw_angle                                0x200003a0   Data           4  jy901.o(.data)
    system_time                              0x200003a8   Data           4  system.o(.data)
    SP1                                      0x200003ac   Data           4  system.o(.data)
    SP2                                      0x200003b0   Data           4  system.o(.data)
    SP3                                      0x200003b4   Data           4  system.o(.data)
    IF_error                                 0x200003b8   Data           1  system.o(.data)
    system_tick                              0x200003bc   Data           4  system.o(.data)
    error_register                           0x200003c0   Data           4  system.o(.data)
    remoteMode                               0x200003c4   Data           1  system.o(.data)
    systemState                              0x200003c5   Data           1  system.o(.data)
    actVison                                 0x200003c6   Data           1  vision.o(.data)
    Attack_Color_Choose                      0x200003c7   Data           1  vision.o(.data)
    Vision_Data_Flag                         0x200003c8   Data           1  vision.o(.data)
    matrix_value1                            0x200003cc   Data           4  calculate.o(.data)
    matrix_value2                            0x200003d0   Data           4  calculate.o(.data)
    Magazine_Switch                          0x200003d4   Data           1  magazine.o(.data)
    Magazine_flag                            0x200003d5   Data           1  magazine.o(.data)
    Magazine_opened_flag                     0x200003d6   Data           1  magazine.o(.data)
    Magazine_Target                          0x200003d8   Data           2  magazine.o(.data)
    Magazine_Real                            0x200003da   Data           2  magazine.o(.data)
    Magazine_Ramp                            0x200003dc   Data           2  magazine.o(.data)
    Revolver_mode                            0x200003e8   Data           1  revolver.o(.data)
    actShoot                                 0x200003e9   Data           1  revolver.o(.data)
    Revolver_Angle_Target_Sum                0x200003ec   Data           4  revolver.o(.data)
    Revolver_Target_Sum_temp                 0x200003f0   Data           4  revolver.o(.data)
    Revolver_Ramp                            0x200003f4   Data           4  revolver.o(.data)
    Revolver_Angle_Measure_Sum               0x200003f8   Data           4  revolver.o(.data)
    Revolver_Angle_Measure_Prev              0x200003fc   Data           2  revolver.o(.data)
    Revolver_Speed_Measure                   0x200003fe   Data           2  revolver.o(.data)
    Revolver_Angle_Measure                   0x20000400   Data           2  revolver.o(.data)
    Revolver_Speed_Error                     0x20000404   Data           4  revolver.o(.data)
    Revolver_Angle_Error                     0x20000408   Data           8  revolver.o(.data)
    Revolver_Angle_Target                    0x20000410   Data           4  revolver.o(.data)
    Revolver_Speed_Target                    0x20000414   Data           4  revolver.o(.data)
    Revolver_Freq                            0x20000418   Data           2  revolver.o(.data)
    Shoot_Interval                           0x2000041c   Data           4  revolver.o(.data)
    Revol_Posit_RespondTime                  0x20000420   Data           4  revolver.o(.data)
    Revol_Switch_Left                        0x20000424   Data           1  revolver.o(.data)
    pTermRevolSpeed                          0x20000428   Data           4  revolver.o(.data)
    iTermRevolSpeed                          0x2000042c   Data           4  revolver.o(.data)
    pTermRevolAngle                          0x20000430   Data           8  revolver.o(.data)
    iTermRevolAngle                          0x20000438   Data           8  revolver.o(.data)
    Revolver_Output_Max                      0x20000440   Data           4  revolver.o(.data)
    iTermRevolSpeedMax                       0x20000444   Data           4  revolver.o(.data)
    iTermRevolPosiMax                        0x20000448   Data           4  revolver.o(.data)
    Revolver_Final_Output                    0x2000044c   Data           4  revolver.o(.data)
    Key_ShootNum                             0x20000450   Data           2  revolver.o(.data)
    ShootNum_Allow                           0x20000452   Data           2  revolver.o(.data)
    Residue_Heat                             0x20000454   Data           2  revolver.o(.data)
    Shoot_HeatLimit                          0x20000456   Data           2  revolver.o(.data)
    Shoot_HeatIncSpeed                       0x20000458   Data           2  revolver.o(.data)
    revol_remot_change                       0x2000045a   Data           1  revolver.o(.data)
    Revolver_Switch                          0x2000045b   Data           1  revolver.o(.data)
    hcan1                                    0x2000047c   Data          40  can.o(.bss)
    hcan2                                    0x200004a4   Data          40  can.o(.bss)
    htim1                                    0x200004cc   Data          64  tim.o(.bss)
    TIM8_PWM_Handler                         0x2000050c   Data          64  tim.o(.bss)
    TIM8_PWM_OC                              0x2000054c   Data          28  tim.o(.bss)
    huart6                                   0x20000568   Data          64  usart.o(.bss)
    hdma_usart6_rx                           0x200005a8   Data          96  usart.o(.bss)
    huart1                                   0x20000608   Data          64  usart.o(.bss)
    huart2                                   0x20000648   Data          64  usart.o(.bss)
    hdma_usart1_rx                           0x20000688   Data          96  usart.o(.bss)
    hdma_usart2_rx                           0x200006e8   Data          96  usart.o(.bss)
    hdma_usart2_tx                           0x20000748   Data          96  usart.o(.bss)
    M3508                                    0x200007a8   Data          48  bsp_can.o(.bss)
    GM6020                                   0x200007d8   Data          24  bsp_can.o(.bss)
    GM_TEST                                  0x200007f0   Data          24  bsp_can.o(.bss)
    M2006                                    0x20000808   Data          12  bsp_can.o(.bss)
    dbus_buf                                 0x20000814   Data          18  bsp_uart.o(.bss)
    rc_t                                     0x20000826   Data          22  bsp_uart.o(.bss)
    htim3                                    0x2000083c   Data          64  user_tim.o(.bss)
    htim4                                    0x2000087c   Data          64  user_tim.o(.bss)
    Cloud_Angle_Target                       0x200008bc   Data          16  task_gimbal.o(.bss)
    Cloud_Angle_Measure                      0x200008cc   Data          16  task_gimbal.o(.bss)
    Cloud_Palstance_Measure                  0x200008dc   Data          16  task_gimbal.o(.bss)
    Pitch_mech_pid                           0x200008ec   Data         132  task_gimbal.o(.bss)
    Yaw_mech_pid                             0x20000970   Data         132  task_gimbal.o(.bss)
    Yaw_gyro_pid                             0x200009f4   Data         132  task_gimbal.o(.bss)
    Gimbal_PID_list                          0x20000a78   Data         288  task_gimbal.o(.bss)
    Gimbal_Pitch_Mech_Error_Kalman           0x20000b98   Data          36  task_gimbal.o(.bss)
    Gimbal_Yaw_Mech_Error_Kalman             0x20000bbc   Data          36  task_gimbal.o(.bss)
    Gimbal_Yaw_Gyro_Error_Kalman             0x20000be0   Data          36  task_gimbal.o(.bss)
    Vision_Distance_Kalman                   0x20000c04   Data          36  task_gimbal.o(.bss)
    Vision_Yaw_speed_Struct                  0x20000c28   Data          28  task_gimbal.o(.bss)
    Vision_Pitch_speed_Struct                0x20000c44   Data          28  task_gimbal.o(.bss)
    yaw_kalman_filter                        0x20000c60   Data         108  task_gimbal.o(.bss)
    pitch_kalman_filter                      0x20000ccc   Data         108  task_gimbal.o(.bss)
    M3508E_PID                               0x20000d48   Data          64  shoot.o(.bss)
    M3508F_PID                               0x20000d88   Data          64  shoot.o(.bss)
    fric_speed                               0x20000dc8   Data          16  shoot.o(.bss)
    Rx                                       0x20000dd8   Data          22  system.o(.bss)
    VisionRecvData                           0x20000df0   Data          16  vision.o(.bss)
    VisionSendData                           0x20000e00   Data          16  vision.o(.bss)
    Revolver_Speed_kpid                      0x20000e10   Data          12  revolver.o(.bss)
    Revolver_Angle_kpid                      0x20000e1c   Data          24  revolver.o(.bss)
    __initial_sp                             0x20001238   Data           0  startup_stm32f427xx.o(STACK)



==============================================================================

Memory Map of the image

  Image Entry point : 0x080001ad

  Load Region LR_IROM1 (Base: 0x08000000, Size: 0x00007f60, Max: 0x00200000, ABSOLUTE, COMPRESSED[0x00007b40])

    Execution Region ER_IROM1 (Base: 0x08000000, Size: 0x00007ae4, Max: 0x00200000, ABSOLUTE)

    Base Addr    Size         Type   Attr      Idx    E Section Name        Object

    0x08000000   0x000001ac   Data   RO            3    RESET               startup_stm32f427xx.o
    0x080001ac   0x00000000   Code   RO         4644  * .ARM.Collect$$$$00000000  mc_w.l(entry.o)
    0x080001ac   0x00000004   Code   RO         4667    .ARM.Collect$$$$00000001  mc_w.l(entry2.o)
    0x080001b0   0x00000004   Code   RO         4670    .ARM.Collect$$$$00000004  mc_w.l(entry5.o)
    0x080001b4   0x00000000   Code   RO         4672    .ARM.Collect$$$$00000008  mc_w.l(entry7b.o)
    0x080001b4   0x00000000   Code   RO         4674    .ARM.Collect$$$$0000000A  mc_w.l(entry8b.o)
    0x080001b4   0x00000008   Code   RO         4675    .ARM.Collect$$$$0000000B  mc_w.l(entry9a.o)
    0x080001bc   0x00000000   Code   RO         4677    .ARM.Collect$$$$0000000D  mc_w.l(entry10a.o)
    0x080001bc   0x00000000   Code   RO         4679    .ARM.Collect$$$$0000000F  mc_w.l(entry11a.o)
    0x080001bc   0x00000004   Code   RO         4668    .ARM.Collect$$$$00002712  mc_w.l(entry2.o)
    0x080001c0   0x00000024   Code   RO            4    .text               startup_stm32f427xx.o
    0x080001e4   0x00000108   Code   RO         4469    .text               arm_cortexM4lf_math.lib(arm_mat_add_f32.o)
    0x080002ec   0x00000008   Code   RO         4521    .text               arm_cortexM4lf_math.lib(arm_mat_init_f32.o)
    0x080002f4   0x00000530   Code   RO         4545    .text               arm_cortexM4lf_math.lib(arm_mat_inverse_f32.o)
    0x08000824   0x0000013c   Code   RO         4569    .text               arm_cortexM4lf_math.lib(arm_mat_mult_f32.o)
    0x08000960   0x00000108   Code   RO         4593    .text               arm_cortexM4lf_math.lib(arm_mat_sub_f32.o)
    0x08000a68   0x00000062   Code   RO         4647    .text               mc_w.l(uldiv.o)
    0x08000aca   0x00000024   Code   RO         4649    .text               mc_w.l(memseta.o)
    0x08000aee   0x000000e4   Code   RO         4653    .text               mf_w.l(dmul.o)
    0x08000bd2   0x00000022   Code   RO         4657    .text               mf_w.l(dflti.o)
    0x08000bf4   0x00000026   Code   RO         4659    .text               mf_w.l(f2d.o)
    0x08000c1a   0x00000002   PAD
    0x08000c1c   0x00000030   Code   RO         4661    .text               mf_w.l(cdcmple.o)
    0x08000c4c   0x00000030   Code   RO         4663    .text               mf_w.l(cdrcmple.o)
    0x08000c7c   0x00000038   Code   RO         4665    .text               mf_w.l(d2f.o)
    0x08000cb4   0x0000001e   Code   RO         4681    .text               mc_w.l(llshl.o)
    0x08000cd2   0x00000020   Code   RO         4683    .text               mc_w.l(llushr.o)
    0x08000cf2   0x00000000   Code   RO         4687    .text               mc_w.l(iusefp.o)
    0x08000cf2   0x0000006e   Code   RO         4688    .text               mf_w.l(fepilogue.o)
    0x08000d60   0x000000ba   Code   RO         4690    .text               mf_w.l(depilogue.o)
    0x08000e1a   0x00000002   PAD
    0x08000e1c   0x00000024   Code   RO         4692    .text               mc_w.l(init.o)
    0x08000e40   0x00000056   Code   RO         4702    .text               mc_w.l(__dczerorl2.o)
    0x08000e96   0x00000004   Code   RO          443    i.BusFault_Handler  stm32f4xx_it.o
    0x08000e9a   0x00000002   PAD
    0x08000e9c   0x00000010   Code   RO          444    i.CAN1_RX0_IRQHandler  stm32f4xx_it.o
    0x08000eac   0x00000010   Code   RO          445    i.CAN1_TX_IRQHandler  stm32f4xx_it.o
    0x08000ebc   0x00000010   Code   RO          446    i.CAN2_RX0_IRQHandler  stm32f4xx_it.o
    0x08000ecc   0x00000010   Code   RO          447    i.CAN2_TX_IRQHandler  stm32f4xx_it.o
    0x08000edc   0x00000010   Code   RO          448    i.DMA1_Stream5_IRQHandler  stm32f4xx_it.o
    0x08000eec   0x00000010   Code   RO          449    i.DMA1_Stream6_IRQHandler  stm32f4xx_it.o
    0x08000efc   0x00000010   Code   RO          450    i.DMA2_Stream2_IRQHandler  stm32f4xx_it.o
    0x08000f0c   0x00000034   Code   RO         2668    i.DMA_CalcBaseAndBitshift  stm32f4xx_hal_dma.o
    0x08000f40   0x000000aa   Code   RO         2669    i.DMA_CheckFifoParam  stm32f4xx_hal_dma.o
    0x08000fea   0x0000002c   Code   RO         2670    i.DMA_SetConfig     stm32f4xx_hal_dma.o
    0x08001016   0x00000002   Code   RO          451    i.DebugMon_Handler  stm32f4xx_it.o
    0x08001018   0x00000002   Code   RO           13    i.Error_Handler     main.o
    0x0800101a   0x00000002   PAD
    0x0800101c   0x00000040   Code   RO         3849    i.FRIC_KeyLevel_Ctrl  shoot.o
    0x0800105c   0x00000058   Code   RO         3850    i.FRIC_RcSwitch     shoot.o
    0x080010b4   0x00000060   Code   RO         3411    i.Friction_set_voltage  bsp_can.o
    0x08001114   0x00000894   Code   RO         3698    i.GIMBAL_AUTO_Mode_Ctrl  task_gimbal.o
    0x080019a8   0x00000040   Code   RO         3699    i.GIMBAL_AUTO_PITCH_Sen  task_gimbal.o
    0x080019e8   0x0000005c   Code   RO         3700    i.GIMBAL_AUTO_PITCH_Sen_SK  task_gimbal.o
    0x08001a44   0x00000004   Code   RO         3701    i.GIMBAL_AUTO_PITCH_Sentry  task_gimbal.o
    0x08001a48   0x0000004c   Code   RO         3702    i.GIMBAL_GetOffsetAngle  task_gimbal.o
    0x08001a94   0x0000005c   Code   RO         3703    i.GIMBAL_IfPitchLevel  task_gimbal.o
    0x08001af0   0x00000224   Code   RO         3704    i.GIMBAL_InitArgument  task_gimbal.o
    0x08001d14   0x000000d4   Code   RO         3705    i.GIMBAL_InitCtrl   task_gimbal.o
    0x08001de8   0x000000e0   Code   RO         3706    i.GIMBAL_Key_Ctrl   task_gimbal.o
    0x08001ec8   0x00000040   Code   RO         3707    i.GIMBAL_LEVEL_Mode_Ctrl  task_gimbal.o
    0x08001f08   0x0000029c   Code   RO         3708    i.GIMBAL_NORMAL_Mode_Ctrl  task_gimbal.o
    0x080021a4   0x0000045c   Code   RO         3709    i.GIMBAL_PID        task_gimbal.o
    0x08002600   0x000001e4   Code   RO         3710    i.GIMBAL_PID_Mode   task_gimbal.o
    0x080027e4   0x00000150   Code   RO         3711    i.GIMBAL_Rc_Ctrl    task_gimbal.o
    0x08002934   0x000001d8   Code   RO         3713    i.Gimbal_Chass_Separ_Limit  task_gimbal.o
    0x08002b0c   0x00000044   Code   RO         3412    i.Gimbal_set_voltage  bsp_can.o
    0x08002b50   0x0000007c   Code   RO         3714    i.Gimbal_value      task_gimbal.o
    0x08002bcc   0x0000002a   Code   RO          604    i.HAL_CAN_ActivateNotification  stm32f4xx_hal_can.o
    0x08002bf6   0x00000156   Code   RO          605    i.HAL_CAN_AddTxMessage  stm32f4xx_hal_can.o
    0x08002d4c   0x00000124   Code   RO          606    i.HAL_CAN_ConfigFilter  stm32f4xx_hal_can.o
    0x08002e70   0x00000002   Code   RO          609    i.HAL_CAN_ErrorCallback  stm32f4xx_hal_can.o
    0x08002e72   0x0000017c   Code   RO          612    i.HAL_CAN_GetRxMessage  stm32f4xx_hal_can.o
    0x08002fee   0x0000024e   Code   RO          616    i.HAL_CAN_IRQHandler  stm32f4xx_hal_can.o
    0x0800323c   0x00000174   Code   RO          617    i.HAL_CAN_Init      stm32f4xx_hal_can.o
    0x080033b0   0x0000017c   Code   RO          257    i.HAL_CAN_MspInit   can.o
    0x0800352c   0x00000002   Code   RO          624    i.HAL_CAN_RxFifo0FullCallback  stm32f4xx_hal_can.o
    0x0800352e   0x00000002   PAD
    0x08003530   0x000002e8   Code   RO         3413    i.HAL_CAN_RxFifo0MsgPendingCallback  bsp_can.o
    0x08003818   0x00000002   Code   RO          626    i.HAL_CAN_RxFifo1FullCallback  stm32f4xx_hal_can.o
    0x0800381a   0x00000002   Code   RO          627    i.HAL_CAN_RxFifo1MsgPendingCallback  stm32f4xx_hal_can.o
    0x0800381c   0x00000002   Code   RO          628    i.HAL_CAN_SleepCallback  stm32f4xx_hal_can.o
    0x0800381e   0x0000005e   Code   RO          629    i.HAL_CAN_Start     stm32f4xx_hal_can.o
    0x0800387c   0x00000002   Code   RO          631    i.HAL_CAN_TxMailbox0AbortCallback  stm32f4xx_hal_can.o
    0x0800387e   0x00000002   Code   RO         3414    i.HAL_CAN_TxMailbox0CompleteCallback  bsp_can.o
    0x08003880   0x00000002   Code   RO          633    i.HAL_CAN_TxMailbox1AbortCallback  stm32f4xx_hal_can.o
    0x08003882   0x00000002   PAD
    0x08003884   0x00000010   Code   RO         3415    i.HAL_CAN_TxMailbox1CompleteCallback  bsp_can.o
    0x08003894   0x00000002   Code   RO          635    i.HAL_CAN_TxMailbox2AbortCallback  stm32f4xx_hal_can.o
    0x08003896   0x00000002   Code   RO         3416    i.HAL_CAN_TxMailbox2CompleteCallback  bsp_can.o
    0x08003898   0x00000002   Code   RO          638    i.HAL_CAN_WakeUpFromRxMsgCallback  stm32f4xx_hal_can.o
    0x0800389a   0x00000028   Code   RO         2672    i.HAL_DMA_Abort_IT  stm32f4xx_hal_dma.o
    0x080038c2   0x00000002   PAD
    0x080038c4   0x00000240   Code   RO         2676    i.HAL_DMA_IRQHandler  stm32f4xx_hal_dma.o
    0x08003b04   0x000000ec   Code   RO         2677    i.HAL_DMA_Init      stm32f4xx_hal_dma.o
    0x08003bf0   0x00000066   Code   RO         2680    i.HAL_DMA_Start     stm32f4xx_hal_dma.o
    0x08003c56   0x0000009e   Code   RO         2681    i.HAL_DMA_Start_IT  stm32f4xx_hal_dma.o
    0x08003cf4   0x0000021c   Code   RO         2564    i.HAL_GPIO_Init     stm32f4xx_hal_gpio.o
    0x08003f10   0x0000000c   Code   RO         2568    i.HAL_GPIO_WritePin  stm32f4xx_hal_gpio.o
    0x08003f1c   0x0000000c   Code   RO         3121    i.HAL_GetTick       stm32f4xx_hal.o
    0x08003f28   0x00000018   Code   RO         3127    i.HAL_IncTick       stm32f4xx_hal.o
    0x08003f40   0x0000003c   Code   RO         3128    i.HAL_Init          stm32f4xx_hal.o
    0x08003f7c   0x0000004c   Code   RO         3129    i.HAL_InitTick      stm32f4xx_hal.o
    0x08003fc8   0x00000048   Code   RO          579    i.HAL_MspInit       stm32f4xx_hal_msp.o
    0x08004010   0x00000020   Code   RO         2971    i.HAL_NVIC_EnableIRQ  stm32f4xx_hal_cortex.o
    0x08004030   0x0000007c   Code   RO         2977    i.HAL_NVIC_SetPriority  stm32f4xx_hal_cortex.o
    0x080040ac   0x00000028   Code   RO         2978    i.HAL_NVIC_SetPriorityGrouping  stm32f4xx_hal_cortex.o
    0x080040d4   0x00000180   Code   RO         2108    i.HAL_RCC_ClockConfig  stm32f4xx_hal_rcc.o
    0x08004254   0x0000000c   Code   RO         2113    i.HAL_RCC_GetHCLKFreq  stm32f4xx_hal_rcc.o
    0x08004260   0x00000020   Code   RO         2115    i.HAL_RCC_GetPCLK1Freq  stm32f4xx_hal_rcc.o
    0x08004280   0x00000020   Code   RO         2116    i.HAL_RCC_GetPCLK2Freq  stm32f4xx_hal_rcc.o
    0x080042a0   0x000000b0   Code   RO         2117    i.HAL_RCC_GetSysClockFreq  stm32f4xx_hal_rcc.o
    0x08004350   0x00000448   Code   RO         2120    i.HAL_RCC_OscConfig  stm32f4xx_hal_rcc.o
    0x08004798   0x00000034   Code   RO         2982    i.HAL_SYSTICK_Config  stm32f4xx_hal_cortex.o
    0x080047cc   0x00000074   Code   RO         1528    i.HAL_TIMEx_ConfigBreakDeadTime  stm32f4xx_hal_tim_ex.o
    0x08004840   0x00000054   Code   RO         1543    i.HAL_TIMEx_MasterConfigSynchronization  stm32f4xx_hal_tim_ex.o
    0x08004894   0x00000034   Code   RO          839    i.HAL_TIM_Base_Init  stm32f4xx_hal_tim.o
    0x080048c8   0x000000b8   Code   RO          330    i.HAL_TIM_Base_MspInit  tim.o
    0x08004980   0x00000108   Code   RO          848    i.HAL_TIM_ConfigClockSource  stm32f4xx_hal_tim.o
    0x08004a88   0x000000a0   Code   RO          331    i.HAL_TIM_MspPostInit  tim.o
    0x08004b28   0x00000108   Code   RO          906    i.HAL_TIM_PWM_ConfigChannel  stm32f4xx_hal_tim.o
    0x08004c30   0x00000034   Code   RO          909    i.HAL_TIM_PWM_Init  stm32f4xx_hal_tim.o
    0x08004c64   0x00000080   Code   RO          332    i.HAL_TIM_PWM_MspInit  tim.o
    0x08004ce4   0x00000058   Code   RO          914    i.HAL_TIM_PWM_Start  stm32f4xx_hal_tim.o
    0x08004d3c   0x00000002   Code   RO         1797    i.HAL_UART_ErrorCallback  stm32f4xx_hal_uart.o
    0x08004d3e   0x00000002   PAD
    0x08004d40   0x0000014c   Code   RO         1800    i.HAL_UART_IRQHandler  stm32f4xx_hal_uart.o
    0x08004e8c   0x00000072   Code   RO         1801    i.HAL_UART_Init     stm32f4xx_hal_uart.o
    0x08004efe   0x00000002   PAD
    0x08004f00   0x000002c8   Code   RO          390    i.HAL_UART_MspInit  usart.o
    0x080051c8   0x000000c4   Code   RO         1805    i.HAL_UART_Receive_DMA  stm32f4xx_hal_uart.o
    0x0800528c   0x00000002   Code   RO         1807    i.HAL_UART_RxCpltCallback  stm32f4xx_hal_uart.o
    0x0800528e   0x00000002   Code   RO         1808    i.HAL_UART_RxHalfCpltCallback  stm32f4xx_hal_uart.o
    0x08005290   0x00000002   Code   RO         1812    i.HAL_UART_TxCpltCallback  stm32f4xx_hal_uart.o
    0x08005292   0x00000004   Code   RO          452    i.HardFault_Handler  stm32f4xx_it.o
    0x08005296   0x00000002   PAD
    0x08005298   0x0000002c   Code   RO         3851    i.IF_FRIC_READY     shoot.o
    0x080052c4   0x00000004   Code   RO         4315    i.JUDGE_usGetShootCold  revolver.o
    0x080052c8   0x00000020   Code   RO         4177    i.KalmanCreate      calculate.o
    0x080052e8   0x0000007a   Code   RO         4178    i.KalmanFilter      calculate.o
    0x08005362   0x00000002   PAD
    0x08005364   0x00000048   Code   RO          258    i.MX_CAN1_Init      can.o
    0x080053ac   0x00000048   Code   RO          259    i.MX_CAN2_Init      can.o
    0x080053f4   0x00000078   Code   RO          305    i.MX_DMA_Init       dma.o
    0x0800546c   0x000001a8   Code   RO          232    i.MX_GPIO_Init      gpio.o
    0x08005614   0x000000fc   Code   RO          333    i.MX_TIM1_Init      tim.o
    0x08005710   0x0000002c   Code   RO         3646    i.MX_TIM3_Init      user_tim.o
    0x0800573c   0x0000003c   Code   RO          391    i.MX_USART1_UART_Init  usart.o
    0x08005778   0x00000038   Code   RO          392    i.MX_USART2_UART_Init  usart.o
    0x080057b0   0x00000038   Code   RO          393    i.MX_USART6_UART_Init  usart.o
    0x080057e8   0x0000006c   Code   RO         4255    i.Magazine_Ctrl     magazine.o
    0x08005854   0x00000090   Code   RO         4256    i.Magazine_Key_Ctrl  magazine.o
    0x080058e4   0x00000014   Code   RO         4259    i.Magazine_init     magazine.o
    0x080058f8   0x00000058   Code   RO         4260    i.Magezine_Rc_Switch  magazine.o
    0x08005950   0x00000004   Code   RO          453    i.MemManage_Handler  stm32f4xx_it.o
    0x08005954   0x00000002   Code   RO          454    i.NMI_Handler       stm32f4xx_it.o
    0x08005956   0x00000012   Code   RO         3852    i.PID_struct_init   shoot.o
    0x08005968   0x00000002   Code   RO          455    i.PendSV_Handler    stm32f4xx_it.o
    0x0800596a   0x00000002   PAD
    0x0800596c   0x0000006c   Code   RO         4179    i.RAMP_float        calculate.o
    0x080059d8   0x00000038   Code   RO         4316    i.REVOLVER_CANbusCtrlMotor  revolver.o
    0x08005a10   0x00000104   Code   RO         4317    i.REVOLVER_InitArgument  revolver.o
    0x08005b14   0x00000090   Code   RO         4318    i.REVOLVER_KeyPosiCtrl  revolver.o
    0x08005ba4   0x00000002   Code   RO         4319    i.REVOLVER_KeySpeedCtrl  revolver.o
    0x08005ba6   0x00000002   PAD
    0x08005ba8   0x00000074   Code   RO         4320    i.REVOLVER_Key_Ctrl  revolver.o
    0x08005c1c   0x00000124   Code   RO         4321    i.REVOLVER_Rc_Ctrl  revolver.o
    0x08005d40   0x00000058   Code   RO         4322    i.REVOLVER_Rc_Switch  revolver.o
    0x08005d98   0x00000094   Code   RO         4323    i.REVOLVER_Rest     revolver.o
    0x08005e2c   0x000000d4   Code   RO         4324    i.REVOL_PositStuck  revolver.o
    0x08005f00   0x000000fc   Code   RO         4325    i.REVOL_PositionLoop  revolver.o
    0x08005ffc   0x000000c4   Code   RO         4326    i.REVOL_SpeedLoop   revolver.o
    0x080060c0   0x000000dc   Code   RO         4327    i.REVOL_UpdateMotorAngleSum  revolver.o
    0x0800619c   0x00000094   Code   RO         4180    i.RampInc_float     calculate.o
    0x08006230   0x00000060   Code   RO         4328    i.Revolver_Angle_Rest  revolver.o
    0x08006290   0x00000004   Code   RO         4329    i.Revolver_Heat_Limit  revolver.o
    0x08006294   0x00000040   Code   RO         4331    i.SHOOT_HIGHTF_LOWS_Ctrl  revolver.o
    0x080062d4   0x00000044   Code   RO         4332    i.SHOOT_MIDF_HIGHTS_Ctrl  revolver.o
    0x08006318   0x00000154   Code   RO         4333    i.SHOOT_NORMAL_Ctrl  revolver.o
    0x0800646c   0x00000050   Code   RO         4334    i.SHOOT_SINGLE_Ctrl  revolver.o
    0x080064bc   0x000000a4   Code   RO         4335    i.SHOOT_TRIPLE_Ctrl  revolver.o
    0x08006560   0x00000002   Code   RO          456    i.SVC_Handler       stm32f4xx_it.o
    0x08006562   0x00000002   PAD
    0x08006564   0x0000000c   Code   RO         4049    i.SYSTEM_GetRemoteMode  system.o
    0x08006570   0x0000000c   Code   RO         4051    i.SYSTEM_Reset      system.o
    0x0800657c   0x0000005c   Code   RO         3855    i.Shoot_Ctrl        shoot.o
    0x080065d8   0x00000008   Code   RO          457    i.SysTick_Handler   stm32f4xx_it.o
    0x080065e0   0x000000b4   Code   RO         4053    i.SystemClock_Config  system.o
    0x08006694   0x00000064   Code   RO         3374    i.SystemInit        system_stm32f4xx.o
    0x080066f8   0x00000028   Code   RO         4054    i.System_Run        system.o
    0x08006720   0x00000044   Code   RO         4055    i.System_Stop       system.o
    0x08006764   0x00000008   Code   RO         3648    i.TIM3_IRQHandler   user_tim.o
    0x0800676c   0x00000010   Code   RO         3649    i.TIM4_IRQHandler   user_tim.o
    0x0800677c   0x000000d8   Code   RO          927    i.TIM_Base_SetConfig  stm32f4xx_hal_tim.o
    0x08006854   0x00000022   Code   RO          928    i.TIM_CCxChannelCmd  stm32f4xx_hal_tim.o
    0x08006876   0x00000016   Code   RO          938    i.TIM_ETR_SetConfig  stm32f4xx_hal_tim.o
    0x0800688c   0x00000012   Code   RO          939    i.TIM_ITRx_SetConfig  stm32f4xx_hal_tim.o
    0x0800689e   0x00000002   PAD
    0x080068a0   0x00000070   Code   RO          940    i.TIM_OC1_SetConfig  stm32f4xx_hal_tim.o
    0x08006910   0x0000007c   Code   RO          941    i.TIM_OC2_SetConfig  stm32f4xx_hal_tim.o
    0x0800698c   0x00000078   Code   RO          942    i.TIM_OC3_SetConfig  stm32f4xx_hal_tim.o
    0x08006a04   0x00000054   Code   RO          943    i.TIM_OC4_SetConfig  stm32f4xx_hal_tim.o
    0x08006a58   0x00000026   Code   RO          945    i.TIM_TI1_ConfigInputStage  stm32f4xx_hal_tim.o
    0x08006a7e   0x00000028   Code   RO          947    i.TIM_TI2_ConfigInputStage  stm32f4xx_hal_tim.o
    0x08006aa6   0x00000002   PAD
    0x08006aa8   0x00000060   Code   RO         3715    i.Target_Speed_Calc  task_gimbal.o
    0x08006b08   0x000000b8   Code   RO         4056    i.Task_Dispatch_tim  system.o
    0x08006bc0   0x00000094   Code   RO         4336    i.Task_Revolver     revolver.o
    0x08006c54   0x00000014   Code   RO         4057    i.Task_error        system.o
    0x08006c68   0x00000014   Code   RO         1814    i.UART_DMAAbortOnError  stm32f4xx_hal_uart.o
    0x08006c7c   0x00000050   Code   RO         1815    i.UART_DMAError     stm32f4xx_hal_uart.o
    0x08006ccc   0x00000046   Code   RO         1816    i.UART_DMAReceiveCplt  stm32f4xx_hal_uart.o
    0x08006d12   0x0000000e   Code   RO         1818    i.UART_DMARxHalfCplt  stm32f4xx_hal_uart.o
    0x08006d20   0x00000020   Code   RO         1824    i.UART_EndRxTransfer  stm32f4xx_hal_uart.o
    0x08006d40   0x00000020   Code   RO         1825    i.UART_EndTransmit_IT  stm32f4xx_hal_uart.o
    0x08006d60   0x00000014   Code   RO         1826    i.UART_EndTxTransfer  stm32f4xx_hal_uart.o
    0x08006d74   0x000000a6   Code   RO         1827    i.UART_Receive_IT   stm32f4xx_hal_uart.o
    0x08006e1a   0x00000002   PAD
    0x08006e1c   0x00000368   Code   RO         1828    i.UART_SetConfig    stm32f4xx_hal_uart.o
    0x08007184   0x00000068   Code   RO         1829    i.UART_Transmit_IT  stm32f4xx_hal_uart.o
    0x080071ec   0x00000014   Code   RO          458    i.USART1_IRQHandler  stm32f4xx_it.o
    0x08007200   0x00000010   Code   RO          459    i.USART2_IRQHandler  stm32f4xx_it.o
    0x08007210   0x00000010   Code   RO          460    i.USART6_IRQHandler  stm32f4xx_it.o
    0x08007220   0x00000004   Code   RO          461    i.UsageFault_Handler  stm32f4xx_it.o
    0x08007224   0x00000010   Code   RO         2984    i.__NVIC_GetPriorityGrouping  stm32f4xx_hal_cortex.o
    0x08007234   0x00000028   Code   RO         2985    i.__NVIC_SetPriority  stm32f4xx_hal_cortex.o
    0x0800725c   0x00000014   Code   RO         4638    i.__hardfp_fabs     m_wm.l(fabs.o)
    0x08007270   0x0000000e   Code   RO         4696    i.__scatterload_copy  mc_w.l(handlers.o)
    0x0800727e   0x00000002   Code   RO         4697    i.__scatterload_null  mc_w.l(handlers.o)
    0x08007280   0x0000000e   Code   RO         4698    i.__scatterload_zeroinit  mc_w.l(handlers.o)
    0x0800728e   0x0000002e   Code   RO         3856    i.abs_limit         shoot.o
    0x080072bc   0x0000002a   Code   RO         4181    i.constrain_float   calculate.o
    0x080072e6   0x00000002   PAD
    0x080072e8   0x00000040   Code   RO         3533    i.dbus_uart_init    bsp_uart.o
    0x08007328   0x00000008   Code   RO         3534    i.dma_current_data_counter  bsp_uart.o
    0x08007330   0x0000006c   Code   RO         3417    i.drv_can_init      bsp_can.o
    0x0800739c   0x00000090   Code   RO         3857    i.fric_set_output   shoot.o
    0x0800742c   0x0000009c   Code   RO         4058    i.init_system       system.o
    0x080074c8   0x00000178   Code   RO         4182    i.kalman_filter_calc  calculate.o
    0x08007640   0x00000010   Code   RO           14    i.main              main.o
    0x08007650   0x0000009e   Code   RO         3858    i.pid_calc          shoot.o
    0x080076ee   0x00000122   Code   RO         3535    i.rc_callback_handler  bsp_uart.o
    0x08007810   0x00000034   Code   RO         3717    i.sent_gimbal_to_down  task_gimbal.o
    0x08007844   0x000000c0   Code   RO         3860    i.shoot_fric_ctrl   shoot.o
    0x08007904   0x00000074   Code   RO         3861    i.shoot_init        shoot.o
    0x08007978   0x00000050   Code   RO         3718    i.task_PID_out      task_gimbal.o
    0x080079c8   0x00000048   Code   RO         3536    i.uart_receive_dma_no_it  bsp_uart.o
    0x08007a10   0x00000022   Code   RO         3537    i.uart_receive_handler  bsp_uart.o
    0x08007a32   0x00000002   PAD
    0x08007a34   0x00000070   Code   RO         3538    i.uart_rx_idle_callback  bsp_uart.o
    0x08007aa4   0x00000008   Data   RO         2683    .constdata          stm32f4xx_hal_dma.o
    0x08007aac   0x00000018   Data   RO         3375    .constdata          system_stm32f4xx.o
    0x08007ac4   0x00000020   Data   RO         4694    Region$$Table       anon$$obj.o


    Execution Region RW_IRAM1 (Base: 0x20000000, Size: 0x00001238, Max: 0x00030000, ABSOLUTE, COMPRESSED[0x0000005c])

    Base Addr    Size         Type   Attr      Idx    E Section Name        Object

    0x20000000   0x00000004   Data   RW          261    .data               can.o
    0x20000004   0x00000009   Data   RW         3135    .data               stm32f4xx_hal.o
    0x2000000d   0x00000003   PAD
    0x20000010   0x00000004   Data   RW         3376    .data               system_stm32f4xx.o
    0x20000014   0x00000010   Data   RW         3419    .data               bsp_can.o
    0x20000024   0x000002e0   Data   RW         3720    .data               task_gimbal.o
    0x20000304   0x00000045   Data   RW         3864    .data               shoot.o
    0x20000349   0x00000003   PAD
    0x2000034c   0x00000059   Data   RW         4009    .data               jy901.o
    0x200003a5   0x00000003   PAD
    0x200003a8   0x0000001e   Data   RW         4060    .data               system.o
    0x200003c6   0x00000003   Data   RW         4138    .data               vision.o
    0x200003c9   0x00000003   PAD
    0x200003cc   0x00000008   Data   RW         4185    .data               calculate.o
    0x200003d4   0x00000012   Data   RW         4261    .data               magazine.o
    0x200003e6   0x00000002   PAD
    0x200003e8   0x00000091   Data   RW         4338    .data               revolver.o
    0x20000479   0x00000003   PAD
    0x2000047c   0x00000050   Zero   RW          260    .bss                can.o
    0x200004cc   0x0000009c   Zero   RW          335    .bss                tim.o
    0x20000568   0x00000240   Zero   RW          394    .bss                usart.o
    0x200007a8   0x0000006c   Zero   RW         3418    .bss                bsp_can.o
    0x20000814   0x00000028   Zero   RW         3539    .bss                bsp_uart.o
    0x2000083c   0x00000080   Zero   RW         3650    .bss                user_tim.o
    0x200008bc   0x0000048c   Zero   RW         3719    .bss                task_gimbal.o
    0x20000d48   0x00000090   Zero   RW         3863    .bss                shoot.o
    0x20000dd8   0x00000016   Zero   RW         4059    .bss                system.o
    0x20000dee   0x00000002   PAD
    0x20000df0   0x00000020   Zero   RW         4137    .bss                vision.o
    0x20000e10   0x00000024   Zero   RW         4337    .bss                revolver.o
    0x20000e34   0x00000004   PAD
    0x20000e38   0x00000400   Zero   RW            1    STACK               startup_stm32f427xx.o


==============================================================================

Image component sizes


      Code (inc. data)   RO Data    RW Data    ZI Data      Debug   Object Name

      1036         66          0         16        108       8511   bsp_can.o
       580         22          0          0         40       6266   bsp_uart.o
       828         28          0          8          0       4520   calculate.o
       524         46          0          4         80       2342   can.o
       120          6          0          0          0        766   dma.o
       424         20          0          0          0       1123   gpio.o
         0          0          0         89          0       2863   jy901.o
       360         64          0         18          0       2558   magazine.o
        18          0          0          0          0     763287   main.o
      2954        534          0        145         36      14261   revolver.o
       962        102          0         69        144       7203   shoot.o
        36          8        428          0       1024        820   startup_stm32f427xx.o
       172         32          0          9          0       3825   stm32f4xx_hal.o
      2130          6          0          0          0      12276   stm32f4xx_hal_can.o
       304         22          0          0          0      34343   stm32f4xx_hal_cortex.o
      1378         16          8          0          0       6954   stm32f4xx_hal_dma.o
       552         54          0          0          0       2276   stm32f4xx_hal_gpio.o
        72          4          0          0          0        798   stm32f4xx_hal_msp.o
      1732         84          0          0          0       5428   stm32f4xx_hal_rcc.o
      1528         90          0          0          0      11352   stm32f4xx_hal_tim.o
       200          0          0          0          0       2056   stm32f4xx_hal_tim_ex.o
      2060         26          0          0          0      11432   stm32f4xx_hal_uart.o
       196         58          0          0          0       8738   stm32f4xx_it.o
       672         78          0         30         22       5573   system.o
       100         18         24          4          0       1107   system_stm32f4xx.o
      7000        980          0        736       1164      18341   task_gimbal.o
       724         58          0          0        156       3327   tim.o
       884         86          0          0        576       3272   usart.o
        68         12          0          0        128       1565   user_tim.o
         0          0          0          3         32       1270   vision.o

    ----------------------------------------------------------------------
     27648       2520        492       1148       3516     948453   Object Totals
         0          0         32          0          0          0   (incl. Generated)
        34          0          0         17          6          0   (incl. Padding)

    ----------------------------------------------------------------------

      Code (inc. data)   RO Data    RW Data    ZI Data      Debug   Library Member Name

       264          0          0          0          0      18066   arm_mat_add_f32.o
         8          0          0          0          0        931   arm_mat_init_f32.o
      1328          4          0          0          0       4706   arm_mat_inverse_f32.o
       316          4          0          0          0       2303   arm_mat_mult_f32.o
       264          0          0          0          0       1754   arm_mat_sub_f32.o
        20          0          0          0          0        124   fabs.o
        86          0          0          0          0          0   __dczerorl2.o
         0          0          0          0          0          0   entry.o
         0          0          0          0          0          0   entry10a.o
         0          0          0          0          0          0   entry11a.o
         8          4          0          0          0          0   entry2.o
         4          0          0          0          0          0   entry5.o
         0          0          0          0          0          0   entry7b.o
         0          0          0          0          0          0   entry8b.o
         8          4          0          0          0          0   entry9a.o
        30          0          0          0          0          0   handlers.o
        36          8          0          0          0         68   init.o
         0          0          0          0          0          0   iusefp.o
        30          0          0          0          0         68   llshl.o
        32          0          0          0          0         68   llushr.o
        36          0          0          0          0        108   memseta.o
        98          0          0          0          0         92   uldiv.o
        48          0          0          0          0         68   cdcmple.o
        48          0          0          0          0         68   cdrcmple.o
        56          0          0          0          0         88   d2f.o
       186          0          0          0          0        176   depilogue.o
        34          0          0          0          0         76   dflti.o
       228          0          0          0          0         96   dmul.o
        38          0          0          0          0         68   f2d.o
       110          0          0          0          0        168   fepilogue.o

    ----------------------------------------------------------------------
      3320         24          0          0          0      29096   Library Totals
         4          0          0          0          0          0   (incl. Padding)

    ----------------------------------------------------------------------

      Code (inc. data)   RO Data    RW Data    ZI Data      Debug   Library Name

      2180          8          0          0          0      27760   arm_cortexM4lf_math.lib
        20          0          0          0          0        124   m_wm.l
       368         16          0          0          0        404   mc_w.l
       748          0          0          0          0        808   mf_w.l

    ----------------------------------------------------------------------
      3320         24          0          0          0      29096   Library Totals

    ----------------------------------------------------------------------

==============================================================================


      Code (inc. data)   RO Data    RW Data    ZI Data      Debug   

     30968       2544        492       1148       3516     959013   Grand Totals
     30968       2544        492         92       3516     959013   ELF Image Totals (compressed)
     30968       2544        492         92          0          0   ROM Totals

==============================================================================

    Total RO  Size (Code + RO Data)                31460 (  30.72kB)
    Total RW  Size (RW Data + ZI Data)              4664 (   4.55kB)
    Total ROM Size (Code + RO Data + RW Data)      31552 (  30.81kB)

==============================================================================

